################################################################################
#                                                                              #
#      IAR Universal Linker V4.61L/W32                                         #
#                                                                              #
#           Link time     =  01/Dec/2011  08:55:02                             #
#           Target CPU    =  x51                                               #
#           List file     =  F:\fancong\×ÊÁÏ\ÉÐÑô2530Ì×¼þ¹âÅÌ\9__CC2530³ÌÐò°üA #
#                            _»ù´¡ÊµÑé\°Ë___µã¶ÔµãÍ¨Ñ¶ÊµÑé³ÌÐò\cc2530_soft_×¨Ò #
#                            µÉÐÑô_ÉÏ´«_751A\ide\srf05_cc2530\iar\temp\light_s #
#                            witch.map                                         #
#           Output file 1 =  F:\fancong\×ÊÁÏ\ÉÐÑô2530Ì×¼þ¹âÅÌ\9__CC2530³ÌÐò°üA #
#                            _»ù´¡ÊµÑé\°Ë___µã¶ÔµãÍ¨Ñ¶ÊµÑé³ÌÐò\cc2530_soft_×¨Ò #
#                            µÉÐÑô_ÉÏ´«_751A\ide\srf05_cc2530\iar\light_switch #
#                            .hex                                              #
#                            Format: intel-extended                            #
#           Output file 2 =  F:\fancong\×ÊÁÏ\ÉÐÑô2530Ì×¼þ¹âÅÌ\9__CC2530³ÌÐò°üA #
#                            _»ù´¡ÊµÑé\°Ë___µã¶ÔµãÍ¨Ñ¶ÊµÑé³ÌÐò\cc2530_soft_×¨Ò #
#                            µÉÐÑô_ÉÏ´«_751A\ide\srf05_cc2530\iar\light_switch #
#                            .d51                                              #
#                            Format: debug                                     #
#                            UBROF version 10.0.2                              #
#                            Using library modules for C-SPY (-rt)             #
#           Command line  =  "-IC:\Program Files\IAR Systems\Embedded Workbenc #
#                            h 5.3 Evaluation version\8051\CONFIG\"            #
#                            -D_NR_OF_BANKS=0 -D_CODEBANK_END=0                #
#                            -D_CODEBANK_START=0                               #
#                            F:\fancong\×ÊÁÏ\ÉÐÑô2530Ì×¼þ¹âÅÌ\9__CC2530³ÌÐò°üA #
#                            _»ù´¡ÊµÑé\°Ë___µã¶ÔµãÍ¨Ñ¶ÊµÑé³ÌÐò\cc2530_soft_×¨Ò #
#                            µÉÐÑô_ÉÏ´«_751A\ide\srf05_cc2530\iar\temp\light_s #
#                            witch\adc.r51                                     #
#                            F:\fancong\×ÊÁÏ\ÉÐÑô2530Ì×¼þ¹âÅÌ\9__CC2530³ÌÐò°üA #
#                            _»ù´¡ÊµÑé\°Ë___µã¶ÔµãÍ¨Ñ¶ÊµÑé³ÌÐò\cc2530_soft_×¨Ò #
#                            µÉÐÑô_ÉÏ´«_751A\ide\srf05_cc2530\iar\temp\light_s #
#                            witch\basic_rf.r51                                #
#                            F:\fancong\×ÊÁÏ\ÉÐÑô2530Ì×¼þ¹âÅÌ\9__CC2530³ÌÐò°üA #
#                            _»ù´¡ÊµÑé\°Ë___µã¶ÔµãÍ¨Ñ¶ÊµÑé³ÌÐò\cc2530_soft_×¨Ò #
#                            µÉÐÑô_ÉÏ´«_751A\ide\srf05_cc2530\iar\temp\light_s #
#                            witch\basic_rf_security.r51                       #
#                            F:\fancong\×ÊÁÏ\ÉÐÑô2530Ì×¼þ¹âÅÌ\9__CC2530³ÌÐò°üA #
#                            _»ù´¡ÊµÑé\°Ë___µã¶ÔµãÍ¨Ñ¶ÊµÑé³ÌÐò\cc2530_soft_×¨Ò #
#                            µÉÐÑô_ÉÏ´«_751A\ide\srf05_cc2530\iar\temp\light_s #
#                            witch\clock.r51                                   #
#                            F:\fancong\×ÊÁÏ\ÉÐÑô2530Ì×¼þ¹âÅÌ\9__CC2530³ÌÐò°üA #
#                            _»ù´¡ÊµÑé\°Ë___µã¶ÔµãÍ¨Ñ¶ÊµÑé³ÌÐò\cc2530_soft_×¨Ò #
#                            µÉÐÑô_ÉÏ´«_751A\ide\srf05_cc2530\iar\temp\light_s #
#                            witch\hal_assert.r51                              #
#                            F:\fancong\×ÊÁÏ\ÉÐÑô2530Ì×¼þ¹âÅÌ\9__CC2530³ÌÐò°üA #
#                            _»ù´¡ÊµÑé\°Ë___µã¶ÔµãÍ¨Ñ¶ÊµÑé³ÌÐò\cc2530_soft_×¨Ò #
#                            µÉÐÑô_ÉÏ´«_751A\ide\srf05_cc2530\iar\temp\light_s #
#                            witch\hal_board.r51                               #
#                            F:\fancong\×ÊÁÏ\ÉÐÑô2530Ì×¼þ¹âÅÌ\9__CC2530³ÌÐò°üA #
#                            _»ù´¡ÊµÑé\°Ë___µã¶ÔµãÍ¨Ñ¶ÊµÑé³ÌÐò\cc2530_soft_×¨Ò #
#                            µÉÐÑô_ÉÏ´«_751A\ide\srf05_cc2530\iar\temp\light_s #
#                            witch\hal_button.r51                              #
#                            F:\fancong\×ÊÁÏ\ÉÐÑô2530Ì×¼þ¹âÅÌ\9__CC2530³ÌÐò°üA #
#                            _»ù´¡ÊµÑé\°Ë___µã¶ÔµãÍ¨Ñ¶ÊµÑé³ÌÐò\cc2530_soft_×¨Ò #
#                            µÉÐÑô_ÉÏ´«_751A\ide\srf05_cc2530\iar\temp\light_s #
#                            witch\hal_digio.r51                               #
#                            F:\fancong\×ÊÁÏ\ÉÐÑô2530Ì×¼þ¹âÅÌ\9__CC2530³ÌÐò°üA #
#                            _»ù´¡ÊµÑé\°Ë___µã¶ÔµãÍ¨Ñ¶ÊµÑé³ÌÐò\cc2530_soft_×¨Ò #
#                            µÉÐÑô_ÉÏ´«_751A\ide\srf05_cc2530\iar\temp\light_s #
#                            witch\hal_int.r51                                 #
#                            F:\fancong\×ÊÁÏ\ÉÐÑô2530Ì×¼þ¹âÅÌ\9__CC2530³ÌÐò°üA #
#                            _»ù´¡ÊµÑé\°Ë___µã¶ÔµãÍ¨Ñ¶ÊµÑé³ÌÐò\cc2530_soft_×¨Ò #
#                            µÉÐÑô_ÉÏ´«_751A\ide\srf05_cc2530\iar\temp\light_s #
#                            witch\hal_joystick.r51                            #
#                            F:\fancong\×ÊÁÏ\ÉÐÑô2530Ì×¼þ¹âÅÌ\9__CC2530³ÌÐò°üA #
#                            _»ù´¡ÊµÑé\°Ë___µã¶ÔµãÍ¨Ñ¶ÊµÑé³ÌÐò\cc2530_soft_×¨Ò #
#                            µÉÐÑô_ÉÏ´«_751A\ide\srf05_cc2530\iar\temp\light_s #
#                            witch\hal_lcd_srf05.r51                           #
#                            F:\fancong\×ÊÁÏ\ÉÐÑô2530Ì×¼þ¹âÅÌ\9__CC2530³ÌÐò°üA #
#                            _»ù´¡ÊµÑé\°Ë___µã¶ÔµãÍ¨Ñ¶ÊµÑé³ÌÐò\cc2530_soft_×¨Ò #
#                            µÉÐÑô_ÉÏ´«_751A\ide\srf05_cc2530\iar\temp\light_s #
#                            witch\hal_led.r51                                 #
#                            F:\fancong\×ÊÁÏ\ÉÐÑô2530Ì×¼þ¹âÅÌ\9__CC2530³ÌÐò°üA #
#                            _»ù´¡ÊµÑé\°Ë___µã¶ÔµãÍ¨Ñ¶ÊµÑé³ÌÐò\cc2530_soft_×¨Ò #
#                            µÉÐÑô_ÉÏ´«_751A\ide\srf05_cc2530\iar\temp\light_s #
#                            witch\hal_mcu.r51                                 #
#                            F:\fancong\×ÊÁÏ\ÉÐÑô2530Ì×¼þ¹âÅÌ\9__CC2530³ÌÐò°üA #
#                            _»ù´¡ÊµÑé\°Ë___µã¶ÔµãÍ¨Ñ¶ÊµÑé³ÌÐò\cc2530_soft_×¨Ò #
#                            µÉÐÑô_ÉÏ´«_751A\ide\srf05_cc2530\iar\temp\light_s #
#                            witch\hal_rf.r51                                  #
#                            F:\fancong\×ÊÁÏ\ÉÐÑô2530Ì×¼þ¹âÅÌ\9__CC2530³ÌÐò°üA #
#                            _»ù´¡ÊµÑé\°Ë___µã¶ÔµãÍ¨Ñ¶ÊµÑé³ÌÐò\cc2530_soft_×¨Ò #
#                            µÉÐÑô_ÉÏ´«_751A\ide\srf05_cc2530\iar\temp\light_s #
#                            witch\hal_rf_security.r51                         #
#                            F:\fancong\×ÊÁÏ\ÉÐÑô2530Ì×¼þ¹âÅÌ\9__CC2530³ÌÐò°üA #
#                            _»ù´¡ÊµÑé\°Ë___µã¶ÔµãÍ¨Ñ¶ÊµÑé³ÌÐò\cc2530_soft_×¨Ò #
#                            µÉÐÑô_ÉÏ´«_751A\ide\srf05_cc2530\iar\temp\light_s #
#                            witch\light_switch.r51                            #
#                            F:\fancong\×ÊÁÏ\ÉÐÑô2530Ì×¼þ¹âÅÌ\9__CC2530³ÌÐò°üA #
#                            _»ù´¡ÊµÑé\°Ë___µã¶ÔµãÍ¨Ñ¶ÊµÑé³ÌÐò\cc2530_soft_×¨Ò #
#                            µÉÐÑô_ÉÏ´«_751A\ide\srf05_cc2530\iar\temp\light_s #
#                            witch\util.r51                                    #
#                            F:\fancong\×ÊÁÏ\ÉÐÑô2530Ì×¼þ¹âÅÌ\9__CC2530³ÌÐò°üA #
#                            _»ù´¡ÊµÑé\°Ë___µã¶ÔµãÍ¨Ñ¶ÊµÑé³ÌÐò\cc2530_soft_×¨Ò #
#                            µÉÐÑô_ÉÏ´«_751A\ide\srf05_cc2530\iar\temp\light_s #
#                            witch\util_buffer.r51                             #
#                            F:\fancong\×ÊÁÏ\ÉÐÑô2530Ì×¼þ¹âÅÌ\9__CC2530³ÌÐò°üA #
#                            _»ù´¡ÊµÑé\°Ë___µã¶ÔµãÍ¨Ñ¶ÊµÑé³ÌÐò\cc2530_soft_×¨Ò #
#                            µÉÐÑô_ÉÏ´«_751A\ide\srf05_cc2530\iar\temp\light_s #
#                            witch\util_lcd.r51                                #
#                            -o                                                #
#                            F:\fancong\×ÊÁÏ\ÉÐÑô2530Ì×¼þ¹âÅÌ\9__CC2530³ÌÐò°üA #
#                            _»ù´¡ÊµÑé\°Ë___µã¶ÔµãÍ¨Ñ¶ÊµÑé³ÌÐò\cc2530_soft_×¨Ò #
#                            µÉÐÑô_ÉÏ´«_751A\ide\srf05_cc2530\iar\light_switch #
#                            .d51                                              #
#                            -l                                                #
#                            F:\fancong\×ÊÁÏ\ÉÐÑô2530Ì×¼þ¹âÅÌ\9__CC2530³ÌÐò°üA #
#                            _»ù´¡ÊµÑé\°Ë___µã¶ÔµãÍ¨Ñ¶ÊµÑé³ÌÐò\cc2530_soft_×¨Ò #
#                            µÉÐÑô_ÉÏ´«_751A\ide\srf05_cc2530\iar\temp\light_s #
#                            witch.map                                         #
#                            -xmsn                                             #
#                            "-IC:\Program Files\IAR Systems\Embedded Workbenc #
#                            h 5.3 Evaluation version\8051\LIB\"               #
#                            -f lnk51ew_cc2530b.xcl (-D_IDATA_END=0xFF         #
#                            -D_PDATA_START=0x1E00 -D_PDATA_END=0x1EFF         #
#                            -D_IXDATA_START=0x0001 -D_IXDATA_END=0x1EFF       #
#                            -D_XDATA_START=_IXDATA_START                      #
#                            -D_XDATA_END=_IXDATA_END -D_CODE_START=0x0000     #
#                            -D_CODE_END=0x7FFF -D_FIRST_BANK_ADDR=0x10000     #
#                            -M(CODE)[(_CODEBANK_START+_FIRST_BANK_ADDR)-(_COD #
#                            EBANK_END+_FIRST_BANK_ADDR)]*_NR_OF_BANKS+0x10000 #
#                            =0x8000                                           #
#                            -ww69=i -D_NEAR_CODE_END=_CODE_END                #
#                            -D?REGISTER_BANK=0 -D_REGISTER_BANK_START=0       #
#                            -D?PBANK_NUMBER=0x1E -D?PBANK=0x93                #
#                            -D_BREG_START=0x00 -D?VB=0x20                     #
#                            -D_FAR_DATA_NR_OF_BANKS=0x0E                      #
#                            -D_FAR_DATA_START=0x010001                        #
#                            -D_FAR_DATA_END=0xFFFFFF                          #
#                            -D_FAR_CODE_START=_CODE_START                     #
#                            -D_FAR_CODE_END=_CODE_END -f lnk_base.xcl         #
#                            (-Z(BIT)BREG=_BREG_START -Z(BIT)BIT_N=0-7F        #
#                            -Z(DATA)REGISTERS+8=_REGISTER_BANK_START          #
#                            -Z(DATA)BDATA_Z,BDATA_N,BDATA_I=20-2F             #
#                            -Z(DATA)VREG+_NR_OF_VIRTUAL_REGISTERS=08-7F       #
#                            -Z(DATA)PSP,XSP=08-7F -Z(DATA)DOVERLAY=08-7F      #
#                            -Z(DATA)DATA_I,DATA_Z,DATA_N=08-7F                #
#                            -U(IDATA)0-7F=(DATA)0-7F                          #
#                            -Z(IDATA)IDATA_I,IDATA_Z,IDATA_N=08-_IDATA_END    #
#                            -Z(IDATA)ISTACK+_IDATA_STACK_SIZE#08-_IDATA_END   #
#                            -Z(IDATA)IOVERLAY=08-FF -Z(CODE)INTVEC=0          #
#                            -Z(CODE)CSTART=_CODE_START-_CODE_END              #
#                            -Z(CODE)BIT_ID,BDATA_ID,DATA_ID,IDATA_ID,IXDATA_I #
#                            D,PDATA_ID,XDATA_ID=_CODE_START-_CODE_END         #
#                            -Z(CODE)HUGE_ID=_FAR_CODE_START-_FAR_CODE_END     #
#                            -Z(CODE)BANK_RELAYS,RCODE,DIFUNCT,CODE_C,CODE_N,N #
#                            EAR_CODE=_CODE_START-_CODE_END                    #
#                            -P(CODE)BANKED_CODE=_CODE_START-_CODE_END,[(_CODE #
#                            BANK_START+_FIRST_BANK_ADDR)-(_CODEBANK_END+_FIRS #
#                            T_BANK_ADDR)]*_NR_OF_BANKS+10000                  #
#                            -P(CODE)FAR_CODE_C,FAR_CODE_N,FAR_CODE=[_FAR_CODE #
#                            _START-_FAR_CODE_END]/10000                       #
#                            -P(CODE)HUGE_CODE_C=_FAR_CODE_START-_FAR_CODE_END #
#                            -Z(CODE)CHECKSUM#_CODE_END                        #
#                            -Z(XDATA)EXT_STACK+_EXTENDED_STACK_SIZE=_EXTENDED #
#                            _STACK_START                                      #
#                            -Z(XDATA)PSTACK+_PDATA_STACK_SIZE=_PDATA_START-_P #
#                            DATA_END                                          #
#                            -Z(XDATA)XSTACK+_XDATA_STACK_SIZE=_XDATA_START-_X #
#                            DATA_END                                          #
#                            -Z(XDATA)PDATA_Z,PDATA_I=_PDATA_START-_PDATA_END  #
#                            -P(XDATA)PDATA_N=_PDATA_START-_PDATA_END          #
#                            -Z(XDATA)IXDATA_Z,IXDATA_I=_IXDATA_START-_IXDATA_ #
#                            END                                               #
#                            -P(XDATA)IXDATA_N=_IXDATA_START-_IXDATA_END       #
#                            -Z(XDATA)XDATA_Z,XDATA_I=_XDATA_START-_XDATA_END  #
#                            -P(XDATA)XDATA_N=_XDATA_START-_XDATA_END          #
#                            -Z(XDATA)XDATA_HEAP+_XDATA_HEAP_SIZE=_XDATA_START #
#                            -_XDATA_END                                       #
#                            -Z(CONST)XDATA_ROM_C=_XDATA_START-_XDATA_END      #
#                            -Z(XDATA)FAR_Z=[_FAR_DATA_START-_FAR_DATA_END]/10 #
#                            000                                               #
#                            -Z(XDATA)FAR_I=[_FAR_DATA_START-_FAR_DATA_END]/10 #
#                            000                                               #
#                            -Z(CODE)FAR_ID=[_FAR_CODE_START-_FAR_CODE_END]/10 #
#                            000                                               #
#                            -Z(XDATA)FAR_HEAP+_FAR_HEAP_SIZE=[_FAR_DATA_START #
#                            -_FAR_DATA_END]/10000                             #
#                            -P(XDATA)FAR_N=[_FAR_DATA_START-_FAR_DATA_END]*_F #
#                            AR_DATA_NR_OF_BANKS+10000                         #
#                            -P(CONST)FAR_ROM_C=[_FAR_DATA_START-_FAR_DATA_END #
#                            ]*_FAR_DATA_NR_OF_BANKS+10000                     #
#                            -Z(XDATA)HUGE_Z,HUGE_I=_FAR_DATA_START-_FAR_DATA_ #
#                            END                                               #
#                            -P(XDATA)HUGE_N=_FAR_DATA_START-_FAR_DATA_END     #
#                            -Z(XDATA)HUGE_HEAP+_HUGE_HEAP_SIZE=_FAR_DATA_STAR #
#                            T-_FAR_DATA_END                                   #
#                            -Z(CONST)HUGE_ROM_C=_FAR_DATA_START-_FAR_DATA_END #
#                            -cx51) -D_BANK0_START=0x00000                     #
#                            -D_BANK0_END=0x07FFF -D_BANK1_START=0x18000       #
#                            -D_BANK1_END=0x1FFFF -D_BANK2_START=0x28000       #
#                            -D_BANK2_END=0x2FFFF -D_BANK3_START=0x38000       #
#                            -D_BANK3_END=0x3FFFF -D_BANK4_START=0x48000       #
#                            -D_BANK4_END=0x4FFFF -D_BANK5_START=0x58000       #
#                            -D_BANK5_END=0x5FFFF -D_BANK6_START=0x68000       #
#                            -D_BANK6_END=0x6FFFF -D_BANK7_START=0x78000       #
#                            -D_BANK7_END=0x7FFFF                              #
#                            -P(CODE)BANK0=_BANK0_START-_BANK0_END             #
#                            -P(CODE)BANK1=_BANK1_START-_BANK1_END             #
#                            -P(CODE)BANK2=_BANK2_START-_BANK2_END             #
#                            -P(CODE)BANK3=_BANK3_START-_BANK3_END             #
#                            -P(CODE)BANK4=_BANK4_START-_BANK4_END             #
#                            -P(CODE)BANK5=_BANK5_START-_BANK5_END             #
#                            -P(CODE)BANK6=_BANK6_START-_BANK6_END             #
#                            -P(CODE)BANK7=_BANK7_START-_BANK7_END             #
#                            -D_FLASH_LOCK_BITS_START=((_NR_OF_BANKS*_FIRST_BA #
#                            NK_ADDR)+0xFFF0)                                  #
#                            -D_FLASH_LOCK_BITS_END=((_NR_OF_BANKS*_FIRST_BANK #
#                            _ADDR)+0xFFFF)                                    #
#                            -Z(CODE)FLASH_LOCK_BITS=_FLASH_LOCK_BITS_START-_F #
#                            LASH_LOCK_BITS_END                                #
#                            -U(CODE)0x0000=(CODE)_FLASH_LOCK_BITS_START-_FLAS #
#                            H_LOCK_BITS_END)                                  #
#                            -D_NR_OF_VIRTUAL_REGISTERS=8                      #
#                            -e_medium_write=_formatted_write                  #
#                            -e_medium_read=_formatted_read -rt                #
#                            -Ointel-extended=F:\fancong\×ÊÁÏ\ÉÐÑô2530Ì×¼þ¹âÅÌ #
#                            \9__CC2530³ÌÐò°üA_»ù´¡ÊµÑé\°Ë___µã¶ÔµãÍ¨Ñ¶ÊµÑé³ÌÐ #
#                            ò\cc2530_soft_×¨ÒµÉÐÑô_ÉÏ´«_751A\ide\srf05_cc2530 #
#                            \iar\light_switch.hex                             #
#                            -s __program_start                                #
#                            "C:\Program Files\IAR Systems\Embedded Workbench  #
#                            5.3 Evaluation version\8051\LIB\CLIB\cl-pli-nlxd- #
#                            1e16x01.r51"                                      #
#                            -D_IDATA_STACK_SIZE=0x40                          #
#                            -D_EXTENDED_STACK_START=0x00                      #
#                            -D_EXTENDED_STACK_SIZE=0x00                       #
#                            -D_PDATA_STACK_SIZE=0x80                          #
#                            -D_XDATA_STACK_SIZE=0x100                         #
#                            -D_XDATA_HEAP_SIZE=0xFF -D_FAR_HEAP_SIZE=0xFFF    #
#                            -D_HUGE_HEAP_SIZE=0xFFF                           #
#                                                                              #
#                           Copyright (C) 1987-2009 IAR Systems AB.            #
################################################################################





                ****************************************
                *                                      *
                *           CROSS REFERENCE            *
                *                                      *
                ****************************************

       Program entry at : CODE      000000D3  Relocatable, from module : CSTARTUP




                ****************************************
                *                                      *
                *            RUNTIME MODEL             *
                *                                      *
                ****************************************

  __calling_convention     = xdata_reentrant
  __code_model             = near
  __core                   = plain
  __data_model             = large
  __dptr_size              = 16
  __extended_stack         = disabled
  __location_for_constants = data
  __number_of_dptrs        = 1
  __rt_version             = 1



                ****************************************
                *                                      *
                *              MODULE MAP              *
                *                                      *
                ****************************************


  DEFINED ABSOLUTE ENTRIES
    *************************************************************************

  DEFINED ABSOLUTE ENTRIES
  PROGRAM MODULE, NAME : ?ABS_ENTRY_MOD

Absolute parts
           ENTRY                   ADDRESS         REF BY
           =====                   =======         ======
           _HUGE_HEAP_SIZE         00000FFF 
           _FAR_HEAP_SIZE          00000FFF 
           _XDATA_HEAP_SIZE        000000FF 
           _XDATA_STACK_SIZE       00000100 
           _PDATA_STACK_SIZE       00000080 
           _EXTENDED_STACK_SIZE    00000000 
           _EXTENDED_STACK_START   00000000 
           _IDATA_STACK_SIZE       00000040 
           _NR_OF_VIRTUAL_REGISTERS
                                   00000008 
           _FLASH_LOCK_BITS_END    0000FFFF 
           _FLASH_LOCK_BITS_START
                                   0000FFF0 
           _BANK7_END              0007FFFF 
           _BANK7_START            00078000 
           _BANK6_END              0006FFFF 
           _BANK6_START            00068000 
           _BANK5_END              0005FFFF 
           _BANK5_START            00058000 
           _BANK4_END              0004FFFF 
           _BANK4_START            00048000 
           _BANK3_END              0003FFFF 
           _BANK3_START            00038000 
           _BANK2_END              0002FFFF 
           _BANK2_START            00028000 
           _BANK1_END              0001FFFF 
           _BANK1_START            00018000 
           _BANK0_END              00007FFF 
           _BANK0_START            00000000 
           _FAR_CODE_END           00007FFF 
           _FAR_CODE_START         00000000 
           _FAR_DATA_END           00FFFFFF 
           _FAR_DATA_START         00010001 
           _FAR_DATA_NR_OF_BANKS   0000000E 
           ?VB                     00000020        ?FUNC_ENTER_XDATA (?FUNC_ENTER_XDATA)
                                                   ?FUNC_LEAVE_XDATA (?FUNC_LEAVE_XDATA)
                                                   ?INTERRUPT_ENTER_XSP (?INTERRUPT_ENTER_XSP)
                                                   ?INTERRUPT_LEAVE_XSP (?INTERRUPT_LEAVE_XSP)
           _BREG_START             00000000 
           ?PBANK                  00000093 
           ?PBANK_NUMBER           0000001E 
           _REGISTER_BANK_START    00000000 
           ?REGISTER_BANK          00000000        Segment part 6 (CSTARTUP)
           _NEAR_CODE_END          00007FFF 
           _FIRST_BANK_ADDR        00010000 
           _CODE_END               00007FFF 
           _CODE_START             00000000 
           _XDATA_END              00001EFF 
           _XDATA_START            00000001 
           _IXDATA_END             00001EFF 
           _IXDATA_START           00000001 
           _PDATA_END              00001EFF 
           _PDATA_START            00001E00 
           _IDATA_END              000000FF 
           _CODEBANK_START         00000000 
           _CODEBANK_END           00000000 
           _NR_OF_BANKS            00000000 
    *************************************************************************

  FILE NAME : F:\fancong\×ÊÁÏ\ÉÐÑô2530Ì×¼þ¹âÅÌ\9__CC2530³ÌÐò°üA_»ù´¡ÊµÑé\°Ë___µã¶ÔµãÍ¨Ñ¶ÊµÑé³ÌÐò\cc2530_soft_×¨ÒµÉÐÑô_ÉÏ´«_751A\ide\srf05_cc2530\iar\temp\light_switch\adc.r51
    *************************************************************************

  FILE NAME : F:\fancong\×ÊÁÏ\ÉÐÑô2530Ì×¼þ¹âÅÌ\9__CC2530³ÌÐò°üA_»ù´¡ÊµÑé\°Ë___µã¶ÔµãÍ¨Ñ¶ÊµÑé³ÌÐò\cc2530_soft_×¨ÒµÉÐÑô_ÉÏ´«_751A\ide\srf05_cc2530\iar\temp\light_switch\basic_rf.r51
  PROGRAM MODULE, NAME : basic_rf

  SEGMENTS IN THE MODULE
  ======================
XDATA_I
  Relative segment, address: XDATA 00000243 - 00000249 (0x7 bytes), align: 0
  Segment part 48.            Intra module refs:   Segment part 115
                                                   appSwitch
    -------------------------------------------------------------------------
XDATA_I
  Relative segment, address: XDATA 0000024A - 0000024F (0x6 bytes), align: 0
  Segment part 50.            Intra module refs:   Segment part 115
                                                   appLight
    -------------------------------------------------------------------------
XDATA_I
  Relative segment, address: XDATA 00000250 - 00000254 (0x5 bytes), align: 0
  Segment part 52.            Intra module refs:   utilPrintLogo
    -------------------------------------------------------------------------
XDATA_I
  Relative segment, address: XDATA 00000255 - 00000259 (0x5 bytes), align: 0
  Segment part 54.            Intra module refs:   utilPrintLogo
    -------------------------------------------------------------------------
XDATA_I
  Relative segment, address: XDATA 0000025A - 0000025E (0x5 bytes), align: 0
  Segment part 56.            Intra module refs:   utilPrintLogo
    -------------------------------------------------------------------------
XDATA_I
  Relative segment, address: XDATA 0000025F - 00000263 (0x5 bytes), align: 0
  Segment part 58.            Intra module refs:   utilPrintLogo
    -------------------------------------------------------------------------
XDATA_I
  Relative segment, address: XDATA 00000264 - 00000268 (0x5 bytes), align: 0
  Segment part 60.            Intra module refs:   utilPrintLogo
    -------------------------------------------------------------------------
XDATA_I
  Relative segment, address: XDATA 00000269 - 0000026D (0x5 bytes), align: 0
  Segment part 62.            Intra module refs:   utilPrintLogo
    -------------------------------------------------------------------------
XDATA_I
  Relative segment, address: XDATA 0000026E - 00000272 (0x5 bytes), align: 0
  Segment part 64.            Intra module refs:   utilPrintLogo
    -------------------------------------------------------------------------
XDATA_I
  Relative segment, address: XDATA 00000273 - 00000277 (0x5 bytes), align: 0
  Segment part 66.            Intra module refs:   utilPrintLogo
    -------------------------------------------------------------------------
XDATA_I
  Relative segment, address: XDATA 00000278 - 0000027C (0x5 bytes), align: 0
  Segment part 68.            Intra module refs:   utilPrintLogo
    -------------------------------------------------------------------------
XDATA_I
  Relative segment, address: XDATA 0000027D - 00000281 (0x5 bytes), align: 0
  Segment part 70.            Intra module refs:   utilPrintLogo
    -------------------------------------------------------------------------
XDATA_I
  Relative segment, address: XDATA 00000282 - 00000286 (0x5 bytes), align: 0
  Segment part 72.            Intra module refs:   utilPrintLogo
    -------------------------------------------------------------------------
XDATA_I
  Relative segment, address: XDATA 00000287 - 00000294 (0xe bytes), align: 0
  Segment part 74.            Intra module refs:   utilPrintLogo
    -------------------------------------------------------------------------
XDATA_I
  Relative segment, address: XDATA 00000295 - 000002B2 (0x1e bytes), align: 0
  Segment part 76.            Intra module refs:   utilPrintLogo
    -------------------------------------------------------------------------
XDATA_I
  Relative segment, address: XDATA 000002B3 - 000002BC (0xa bytes), align: 0
  Segment part 78.            Intra module refs:   utilPrintLogo
    -------------------------------------------------------------------------
XDATA_I
  Relative segment, address: XDATA 000002BD - 000002C2 (0x6 bytes), align: 0
  Segment part 80.            Intra module refs:   appLight
    -------------------------------------------------------------------------
XDATA_I
  Relative segment, address: XDATA 000002C3 - 000002D0 (0xe bytes), align: 0
  Segment part 82.            Intra module refs:   appSwitch
    -------------------------------------------------------------------------
XDATA_I
  Relative segment, address: XDATA 000002D1 - 000002DD (0xd bytes), align: 0
  Segment part 84.            Intra module refs:   appSwitch
    -------------------------------------------------------------------------
XDATA_I
  Relative segment, address: XDATA 000002DE - 000002EA (0xd bytes), align: 0
  Segment part 86.            Intra module refs:   main
    -------------------------------------------------------------------------
XDATA_I
  Relative segment, address: XDATA 000002EB - 000002F8 (0xe bytes), align: 0
  Segment part 88.            Intra module refs:   main
    -------------------------------------------------------------------------
XDATA_I
  Relative segment, address: XDATA 000002F9 - 00000304 (0xc bytes), align: 0
  Segment part 90.            Intra module refs:   appLight
                                                   basicRfInit
                                                   basicRfRxFrmDoneIsr
           LOCAL                   ADDRESS         
           =====                   =======         
           rxi                     000002F9 
    -------------------------------------------------------------------------
XDATA_Z
  Relative segment, address: XDATA 00000101 - 00000107 (0x7 bytes), align: 0
  Segment part 92.            Intra module refs:   appLight
                                                   appSwitch
                                                   basicRfInit
                                                   basicRfRxFrmDoneIsr
                                                   basicRfSendPacket
           LOCAL                   ADDRESS         
           =====                   =======         
           txState                 00000101 
    -------------------------------------------------------------------------
XDATA_Z
  Relative segment, address: XDATA 00000108 - 00000109 (0x2 bytes), align: 0
  Segment part 93.            Intra module refs:   ?Subroutine11
                                                   ?Subroutine2
                                                   basicRfInit
           LOCAL                   ADDRESS         
           =====                   =======         
           pConfig                 00000108 
    -------------------------------------------------------------------------
XDATA_Z
  Relative segment, address: XDATA 0000010A - 0000017C (0x73 bytes), align: 0
  Segment part 94.            Intra module refs:   basicRfSendPacket
           LOCAL                   ADDRESS         
           =====                   =======         
           txMpdu                  0000010A 
    -------------------------------------------------------------------------
XDATA_Z
  Relative segment, address: XDATA 0000017D - 000001FC (0x80 bytes), align: 0
  Segment part 95.            Intra module refs:   ?Subroutine5
                                                   basicRfRxFrmDoneIsr
           LOCAL                   ADDRESS         
           =====                   =======         
           rxMpdu                  0000017D 
    -------------------------------------------------------------------------
NEAR_CODE
  Relative segment, address: CODE 00000477 - 00000555 (0xdf bytes), align: 0
  Segment part 120.           Intra module refs:   basicRfInit
           LOCAL                   ADDRESS         
           =====                   =======         
           basicRfRxFrmDoneIsr     00000477 
               calls direct, is indirectly called
               ISTACK = 00000000 ( 00000002 )
    -------------------------------------------------------------------------
NEAR_CODE
  Relative segment, address: CODE 00000556 - 00000563 (0xe bytes), align: 0
  Segment part 121.           Intra module refs:   basicRfRxFrmDoneIsr
           LOCAL                   ADDRESS         
           =====                   =======         
           ?Subroutine5            00000556 
    -------------------------------------------------------------------------
NEAR_CODE
  Relative segment, address: CODE 00000564 - 000005EE (0x8b bytes), align: 0
  Segment part 122.           Intra module refs:   ?Subroutine6
           ENTRY                   ADDRESS         REF BY
           =====                   =======         ======
           basicRfInit             00000564 
               calls direct
               XSTACK = 00000009 ( 0000000B )
    -------------------------------------------------------------------------
NEAR_CODE
  Relative segment, address: CODE 000005EF - 000006D8 (0xea bytes), align: 0
  Segment part 123.           Intra module refs:   appSwitch
           ENTRY                   ADDRESS         REF BY
           =====                   =======         ======
           basicRfSendPacket       000005EF 
               calls direct
               XSTACK = 00000009 ( 0000000A )
               ISTACK = 00000000 ( 00000001 )
    -------------------------------------------------------------------------
NEAR_CODE
  Relative segment, address: CODE 000006D9 - 000006DF (0x7 bytes), align: 0
  Segment part 124.           Intra module refs:   basicRfInit
                                                   basicRfSendPacket
           LOCAL                   ADDRESS         
           =====                   =======         
           ?Subroutine2            000006D9 
    -------------------------------------------------------------------------
NEAR_CODE
  Relative segment, address: CODE 000006E0 - 000006E5 (0x6 bytes), align: 0
  Segment part 125.           Intra module refs:   ?Subroutine0
                                                   ?Subroutine2
           LOCAL                   ADDRESS         
           =====                   =======         
           ?Subroutine16           000006E0 
    -------------------------------------------------------------------------
NEAR_CODE
  Relative segment, address: CODE 000006E6 - 000006ED (0x8 bytes), align: 0
  Segment part 126.           Intra module refs:   basicRfSendPacket
           LOCAL                   ADDRESS         
           =====                   =======         
           ?Subroutine1            000006E6 
    -------------------------------------------------------------------------
NEAR_CODE
  Relative segment, address: CODE 000006EE - 000006F3 (0x6 bytes), align: 0
  Segment part 127.           Intra module refs:   basicRfInit
                                                   basicRfSendPacket
           LOCAL                   ADDRESS         
           =====                   =======         
           ?Subroutine0            000006EE 
    -------------------------------------------------------------------------
NEAR_CODE
  Relative segment, address: CODE 000006F4 - 000006FC (0x9 bytes), align: 0
  Segment part 128.           Intra module refs:   ?Subroutine0
                                                   ?Subroutine1
           LOCAL                   ADDRESS         
           =====                   =======         
           ?Subroutine11           000006F4 
    -------------------------------------------------------------------------
SFR_AN
  Relative segment, address: DATA 00000080 - 00000080 (0x1 bytes), align: 0
  Segment part 1. ROOT.       Intra module refs:   halBoardInit
                                                   halButtonPushed
                                                   halLcdInit
                                                   halLedToggle
                                                   lcdControl
                                                   lcdWrite
                                                   lcdWriteMany
                                                   main
           ENTRY                   ADDRESS         REF BY
           =====                   =======         ======
           _A_P0                   00000080 
    -------------------------------------------------------------------------
SFR_AN
  Relative segment, address: DATA 00000088 - 00000088 (0x1 bytes), align: 0
  Segment part 2. ROOT.       Intra module refs:   adcSampleSingle
           ENTRY                   ADDRESS         REF BY
           =====                   =======         ======
           _A_TCON                 00000088 
    -------------------------------------------------------------------------
SFR_AN
  Relative segment, address: DATA 00000089 - 00000089 (0x1 bytes), align: 0
  Segment part 3. ROOT.       Intra module refs:   port0_ISR
           ENTRY                   ADDRESS         REF BY
           =====                   =======         ======
           P0IFG                   00000089 
    -------------------------------------------------------------------------
SFR_AN
  Relative segment, address: DATA 0000008A - 0000008A (0x1 bytes), align: 0
  Segment part 4. ROOT.       Intra module refs:   port1_ISR
           ENTRY                   ADDRESS         REF BY
           =====                   =======         ======
           P1IFG                   0000008A 
    -------------------------------------------------------------------------
SFR_AN
  Relative segment, address: DATA 0000008B - 0000008B (0x1 bytes), align: 0
  Segment part 5. ROOT.       Intra module refs:   port2_ISR
           ENTRY                   ADDRESS         REF BY
           =====                   =======         ======
           P2IFG                   0000008B 
    -------------------------------------------------------------------------
SFR_AN
  Relative segment, address: DATA 0000008F - 0000008F (0x1 bytes), align: 0
  Segment part 6. ROOT.       Intra module refs:   halBoardInit
                                                   halButtonPushed
           ENTRY                   ADDRESS         REF BY
           =====                   =======         ======
           P0INP                   0000008F 
    -------------------------------------------------------------------------
SFR_AN
  Relative segment, address: DATA 00000090 - 00000090 (0x1 bytes), align: 0
  Segment part 7. ROOT.       Intra module refs:   halBoardInit
                                                   halLcdInit
                                                   halLedToggle
                                                   lcdControl
                                                   lcdWrite
                                                   lcdWriteMany
                                                   main
           ENTRY                   ADDRESS         REF BY
           =====                   =======         ======
           _A_P1                   00000090 
    -------------------------------------------------------------------------
SFR_AN
  Relative segment, address: DATA 00000091 - 00000091 (0x1 bytes), align: 0
  Segment part 8. ROOT.       Intra module refs:   basicRfSendPacket
                                                   halRfWriteTxBuf
           ENTRY                   ADDRESS         REF BY
           =====                   =======         ======
           RFIRQF1                 00000091 
    -------------------------------------------------------------------------
SFR_AN
  Relative segment, address: DATA 0000009A - 0000009A (0x1 bytes), align: 0
  Segment part 9. ROOT.       Intra module refs:   halRfDisableRxInterrupt
                                                   halRfEnableRxInterrupt
           ENTRY                   ADDRESS         REF BY
           =====                   =======         ======
           IEN2                    0000009A 
    -------------------------------------------------------------------------
SFR_AN
  Relative segment, address: DATA 0000009B - 0000009B (0x1 bytes), align: 0
  Segment part 10. ROOT.      Intra module refs:   rfIsr
           ENTRY                   ADDRESS         REF BY
           =====                   =======         ======
           S1CON                   0000009B 
    -------------------------------------------------------------------------
SFR_AN
  Relative segment, address: DATA 0000009D - 0000009D (0x1 bytes), align: 0
  Segment part 11. ROOT.      Intra module refs:   clockSetMainSrc
           ENTRY                   ADDRESS         REF BY
           =====                   =======         ======
           SLEEPSTA                0000009D 
    -------------------------------------------------------------------------
SFR_AN
  Relative segment, address: DATA 0000009E - 0000009E (0x1 bytes), align: 0
  Segment part 12. ROOT.      Intra module refs:   clockSelect32k
                                                   clockSetMainSrc
                                                   halBoardInit
           ENTRY                   ADDRESS         REF BY
           =====                   =======         ======
           CLKCONSTA               0000009E 
    -------------------------------------------------------------------------
SFR_AN
  Relative segment, address: DATA 000000A0 - 000000A0 (0x1 bytes), align: 0
  Segment part 13. ROOT.      Intra module refs:   appSwitch
           ENTRY                   ADDRESS         REF BY
           =====                   =======         ======
           _A_P2                   000000A0 
    -------------------------------------------------------------------------
SFR_AN
  Relative segment, address: DATA 000000A8 - 000000A8 (0x1 bytes), align: 0
  Segment part 14. ROOT.      Intra module refs:   appLight
                                                   appSwitch
                                                   basicRfInit
                                                   basicRfRxFrmDoneIsr
                                                   halBoardInit
                                                   rfIsr
           ENTRY                   ADDRESS         REF BY
           =====                   =======         ======
           _A_IEN0                 000000A8 
    -------------------------------------------------------------------------
SFR_AN
  Relative segment, address: DATA 000000B6 - 000000B6 (0x1 bytes), align: 0
  Segment part 15. ROOT.      Intra module refs:   adcSampleSingle
           ENTRY                   ADDRESS         REF BY
           =====                   =======         ======
           ADCCON3                 000000B6 
    -------------------------------------------------------------------------
SFR_AN
  Relative segment, address: DATA 000000BA - 000000BA (0x1 bytes), align: 0
  Segment part 16. ROOT.      Intra module refs:   adcSampleSingle
           ENTRY                   ADDRESS         REF BY
           =====                   =======         ======
           ADCL                    000000BA 
    -------------------------------------------------------------------------
SFR_AN
  Relative segment, address: DATA 000000BB - 000000BB (0x1 bytes), align: 0
  Segment part 17. ROOT.      Intra module refs:   adcSampleSingle
           ENTRY                   ADDRESS         REF BY
           =====                   =======         ======
           ADCH                    000000BB 
    -------------------------------------------------------------------------
SFR_AN
  Relative segment, address: DATA 000000BE - 000000BE (0x1 bytes), align: 0
  Segment part 18. ROOT.      Intra module refs:   clockSetMainSrc
           ENTRY                   ADDRESS         REF BY
           =====                   =======         ======
           SLEEPCMD                000000BE 
    -------------------------------------------------------------------------
SFR_AN
  Relative segment, address: DATA 000000C0 - 000000C0 (0x1 bytes), align: 0
  Segment part 19. ROOT.      Intra module refs:   port0_ISR
           ENTRY                   ADDRESS         REF BY
           =====                   =======         ======
           _A_IRCON                000000C0 
    -------------------------------------------------------------------------
SFR_AN
  Relative segment, address: DATA 000000C6 - 000000C6 (0x1 bytes), align: 0
  Segment part 20. ROOT.      Intra module refs:   clockSelect32k
                                                   clockSetMainSrc
           ENTRY                   ADDRESS         REF BY
           =====                   =======         ======
           CLKCONCMD               000000C6 
    -------------------------------------------------------------------------
SFR_AN
  Relative segment, address: DATA 000000D9 - 000000D9 (0x1 bytes), align: 0
  Segment part 21. ROOT.      Intra module refs:   halRfReadRxBuf
                                                   halRfWriteTxBuf
           ENTRY                   ADDRESS         REF BY
           =====                   =======         ======
           RFD                     000000D9 
    -------------------------------------------------------------------------
SFR_AN
  Relative segment, address: DATA 000000E1 - 000000E1 (0x1 bytes), align: 0
  Segment part 22. ROOT.      Intra module refs:   appLight
                                                   appSwitch
                                                   basicRfSendPacket
                                                   halRfWriteTxBuf
           ENTRY                   ADDRESS         REF BY
           =====                   =======         ======
           RFST                    000000E1 
    -------------------------------------------------------------------------
SFR_AN
  Relative segment, address: DATA 000000E8 - 000000E8 (0x1 bytes), align: 0
  Segment part 23. ROOT.      Intra module refs:   port1_ISR
                                                   port2_ISR
           ENTRY                   ADDRESS         REF BY
           =====                   =======         ======
           _A_IRCON2               000000E8 
    -------------------------------------------------------------------------
SFR_AN
  Relative segment, address: DATA 000000E9 - 000000E9 (0x1 bytes), align: 0
  Segment part 24. ROOT.      Intra module refs:   rfIsr
           ENTRY                   ADDRESS         REF BY
           =====                   =======         ======
           RFIRQF0                 000000E9 
    -------------------------------------------------------------------------
SFR_AN
  Relative segment, address: DATA 000000F1 - 000000F1 (0x1 bytes), align: 0
  Segment part 25. ROOT.      Intra module refs:   halBoardInit
           ENTRY                   ADDRESS         REF BY
           =====                   =======         ======
           PERCFG                  000000F1 
    -------------------------------------------------------------------------
SFR_AN
  Relative segment, address: DATA 000000F2 - 000000F2 (0x1 bytes), align: 0
  Segment part 26. ROOT.      Intra module refs:   adcSampleSingle
           ENTRY                   ADDRESS         REF BY
           =====                   =======         ======
           ADCCFG                  000000F2 
    -------------------------------------------------------------------------
SFR_AN
  Relative segment, address: DATA 000000F3 - 000000F3 (0x1 bytes), align: 0
  Segment part 27. ROOT.      Intra module refs:   halBoardInit
                                                   halButtonPushed
                                                   halLcdInit
                                                   main
           ENTRY                   ADDRESS         REF BY
           =====                   =======         ======
           P0SEL                   000000F3 
    -------------------------------------------------------------------------
SFR_AN
  Relative segment, address: DATA 000000F4 - 000000F4 (0x1 bytes), align: 0
  Segment part 28. ROOT.      Intra module refs:   halBoardInit
                                                   halLcdInit
           ENTRY                   ADDRESS         REF BY
           =====                   =======         ======
           P1SEL                   000000F4 
    -------------------------------------------------------------------------
SFR_AN
  Relative segment, address: DATA 000000F5 - 000000F5 (0x1 bytes), align: 0
  Segment part 29. ROOT.      Intra module refs:   halBoardInit
                                                   main
           ENTRY                   ADDRESS         REF BY
           =====                   =======         ======
           P2SEL                   000000F5 
    -------------------------------------------------------------------------
SFR_AN
  Relative segment, address: DATA 000000F7 - 000000F7 (0x1 bytes), align: 0
  Segment part 30. ROOT.      Intra module refs:   halBoardInit
                                                   halButtonPushed
                                                   main
           ENTRY                   ADDRESS         REF BY
           =====                   =======         ======
           P2INP                   000000F7 
    -------------------------------------------------------------------------
SFR_AN
  Relative segment, address: DATA 000000F8 - 000000F8 (0x1 bytes), align: 0
  Segment part 31. ROOT.      Intra module refs:   halBoardInit
                                                   lcdControl
                                                   lcdWrite
                                                   lcdWriteMany
           ENTRY                   ADDRESS         REF BY
           =====                   =======         ======
           _A_U1CSR                000000F8 
    -------------------------------------------------------------------------
SFR_AN
  Relative segment, address: DATA 000000F9 - 000000F9 (0x1 bytes), align: 0
  Segment part 32. ROOT.      Intra module refs:   lcdControl
                                                   lcdWrite
                                                   lcdWriteMany
           ENTRY                   ADDRESS         REF BY
           =====                   =======         ======
           U1DBUF                  000000F9 
    -------------------------------------------------------------------------
SFR_AN
  Relative segment, address: DATA 000000FA - 000000FA (0x1 bytes), align: 0
  Segment part 33. ROOT.      Intra module refs:   halBoardInit
           ENTRY                   ADDRESS         REF BY
           =====                   =======         ======
           U1BAUD                  000000FA 
    -------------------------------------------------------------------------
SFR_AN
  Relative segment, address: DATA 000000FB - 000000FB (0x1 bytes), align: 0
  Segment part 34. ROOT.      Intra module refs:   halBoardInit
           ENTRY                   ADDRESS         REF BY
           =====                   =======         ======
           U1UCR                   000000FB 
    -------------------------------------------------------------------------
SFR_AN
  Relative segment, address: DATA 000000FC - 000000FC (0x1 bytes), align: 0
  Segment part 35. ROOT.      Intra module refs:   halBoardInit
           ENTRY                   ADDRESS         REF BY
           =====                   =======         ======
           U1GCR                   000000FC 
    -------------------------------------------------------------------------
SFR_AN
  Relative segment, address: DATA 000000FD - 000000FD (0x1 bytes), align: 0
  Segment part 36. ROOT.      Intra module refs:   halBoardInit
                                                   halButtonPushed
                                                   halLcdInit
           ENTRY                   ADDRESS         REF BY
           =====                   =======         ======
           P0DIR                   000000FD 
    -------------------------------------------------------------------------
SFR_AN
  Relative segment, address: DATA 000000FE - 000000FE (0x1 bytes), align: 0
  Segment part 37. ROOT.      Intra module refs:   halBoardInit
                                                   halLcdInit
           ENTRY                   ADDRESS         REF BY
           =====                   =======         ======
           P1DIR                   000000FE 
    -------------------------------------------------------------------------
SFR_AN
  Relative segment, address: DATA 000000FF - 000000FF (0x1 bytes), align: 0
  Segment part 38. ROOT.      Intra module refs:   halBoardInit
                                                   main
           ENTRY                   ADDRESS         REF BY
           =====                   =======         ======
           P2DIR                   000000FF 
    -------------------------------------------------------------------------
NEAR_CODE
  Relative segment, address: CODE 000006FD - 0000073F (0x43 bytes), align: 0
  Segment part 129.           Intra module refs:   appSwitch
                                                   halJoystickGetDir
           ENTRY                   ADDRESS         REF BY
           =====                   =======         ======
           adcSampleSingle         000006FD 
               XSTACK = 00000009 ( 00000000 )
               ISTACK = 00000000 ( 00000002 )
    -------------------------------------------------------------------------
NEAR_CODE
  Relative segment, address: CODE 00000740 - 00000773 (0x34 bytes), align: 0
  Segment part 130.           Intra module refs:   halBoardInit
           ENTRY                   ADDRESS         REF BY
           =====                   =======         ======
           clockSetMainSrc         00000740 
    -------------------------------------------------------------------------
NEAR_CODE
  Relative segment, address: CODE 00000774 - 00000799 (0x26 bytes), align: 0
  Segment part 131.           Intra module refs:   halBoardInit
           ENTRY                   ADDRESS         REF BY
           =====                   =======         ======
           clockSelect32k          00000774 
    -------------------------------------------------------------------------
NEAR_CODE
  Relative segment, address: CODE 0000079A - 000007CA (0x31 bytes), align: 0
  Segment part 132.           Intra module refs:   appSwitch
                                                   basicRfSendPacket
                                                   halMcuWaitMs
           ENTRY                   ADDRESS         REF BY
           =====                   =======         ======
           halMcuWaitUs            0000079A 
               XSTACK = 0000000A ( 00000000 )
    -------------------------------------------------------------------------
NEAR_CODE
  Relative segment, address: CODE 000007CB - 000007F7 (0x2d bytes), align: 0
  Segment part 133.           Intra module refs:   appSwitch
                                                   halAssertHandler
                                                   halLcdInit
                                                   main
           ENTRY                   ADDRESS         REF BY
           =====                   =======         ======
           halMcuWaitMs            000007CB 
               calls direct
               XSTACK = 00000009 ( 00000008 )
    -------------------------------------------------------------------------
XDATA_Z
  Relative segment, address: XDATA 000001FD - 000001FE (0x2 bytes), align: 0
  Segment part 96.            Intra module refs:   basicRfInit
                                                   rfIsr
           LOCAL                   ADDRESS         
           =====                   =======         
           pfISR                   000001FD 
    -------------------------------------------------------------------------
NEAR_CODE
  Relative segment, address: CODE 000007F8 - 00000820 (0x29 bytes), align: 0
  Segment part 134.           Intra module refs:   basicRfInit
                                                   main
           ENTRY                   ADDRESS         REF BY
           =====                   =======         ======
           halRfInit               000007F8 
               calls direct
               XSTACK = 0000000B ( 00000000 )
               ISTACK = 00000000 ( 00000002 )
    -------------------------------------------------------------------------
NEAR_CODE
  Relative segment, address: CODE 00000821 - 00000844 (0x24 bytes), align: 0
  Segment part 135.           Intra module refs:   basicRfSendPacket
           ENTRY                   ADDRESS         REF BY
           =====                   =======         ======
           halRfWriteTxBuf         00000821 
               XSTACK = 0000000A ( 00000009 )
    -------------------------------------------------------------------------
NEAR_CODE
  Relative segment, address: CODE 00000845 - 00000849 (0x5 bytes), align: 0
  Segment part 136.           Intra module refs:   halJoystickGetDir
                                                   halLcdWriteLine
                                                   halRfWriteTxBuf
           LOCAL                   ADDRESS         
           =====                   =======         
           ?Subroutine19           00000845 
    -------------------------------------------------------------------------
NEAR_CODE
  Relative segment, address: CODE 0000084A - 00000861 (0x18 bytes), align: 0
  Segment part 137.           Intra module refs:   ?Subroutine5
                                                   basicRfRxFrmDoneIsr
           ENTRY                   ADDRESS         REF BY
           =====                   =======         ======
           halRfReadRxBuf          0000084A 
               ISTACK = 00000000 ( 00000003 )
    -------------------------------------------------------------------------
NEAR_CODE
  Relative segment, address: CODE 00000862 - 00000871 (0x10 bytes), align: 0
  Segment part 138.           Intra module refs:   basicRfRxFrmDoneIsr
                                                   basicRfSendPacket
           ENTRY                   ADDRESS         REF BY
           =====                   =======         ======
           halRfDisableRxInterrupt
                                   00000862 
               XSTACK = 0000000A ( 00000000 )
               ISTACK = 00000000 ( 00000002 )
    -------------------------------------------------------------------------
NEAR_CODE
  Relative segment, address: CODE 00000872 - 0000087F (0xe bytes), align: 0
  Segment part 139.           Intra module refs:   basicRfRxFrmDoneIsr
                                                   basicRfSendPacket
                                                   halRfInit
           ENTRY                   ADDRESS         REF BY
           =====                   =======         ======
           halRfEnableRxInterrupt
                                   00000872 
               XSTACK = 0000000A ( 00000000 )
               ISTACK = 00000000 ( 00000002 )
    -------------------------------------------------------------------------
NEAR_CODE
  Relative segment, address: CODE 00000880 - 00000884 (0x5 bytes), align: 0
  Segment part 140.           Intra module refs:   basicRfRxFrmDoneIsr
                                                   halButtonPushed
                                                   halLedToggle
                                                   halRfDisableRxInterrupt
                                                   halRfEnableRxInterrupt
                                                   halRfInit
                                                   halRfReadRxBuf
                                                   lcdWriteLine
           LOCAL                   ADDRESS         
           =====                   =======         
           ?Subroutine17           00000880 
    -------------------------------------------------------------------------
NEAR_CODE
  Relative segment, address: CODE 00000885 - 000008BC (0x38 bytes), align: 0
  Segment part 141.           Intra module refs:   rfIsr::??INTVEC 131
           ENTRY                   ADDRESS         REF BY
           =====                   =======         ======
           rfIsr                   00000885 
               interrupt function
               ISTACK = 00000000 ( 0000000F )
    -------------------------------------------------------------------------
XDATA_Z
  Relative segment, address: XDATA 000001FF - 0000020E (0x10 bytes), align: 0
  Segment part 97.            Intra module refs:   ?Subroutine9
                                                   halLcdWriteLine
           LOCAL                   ADDRESS         
           =====                   =======         
           pLcdLineBuffer          000001FF 
    -------------------------------------------------------------------------
NEAR_CODE
  Relative segment, address: CODE 000008BD - 000008C8 (0xc bytes), align: 0
  Segment part 142.           Intra module refs:   ?Subroutine7
                                                   halLcdClear
                                                   halLcdCreateSpecChar
                                                   halLcdInit
                                                   lcdWriteLine
           LOCAL                   ADDRESS         
           =====                   =======         
           lcdControl              000008BD 
               XSTACK = 0000000B ( 00000000 )
    -------------------------------------------------------------------------
NEAR_CODE
  Relative segment, address: CODE 000008C9 - 000008CF (0x7 bytes), align: 0
  Segment part 143.           Intra module refs:   lcdControl
                                                   lcdWrite
           LOCAL                   ADDRESS         
           =====                   =======         
           ?Subroutine15           000008C9 
    -------------------------------------------------------------------------
NEAR_CODE
  Relative segment, address: CODE 000008D0 - 000008DD (0xe bytes), align: 0
  Segment part 144.           Intra module refs:   ?Subroutine7
                                                   halLcdClear
                                                   halLcdCreateSpecChar
                                                   halLcdInit
           LOCAL                   ADDRESS         
           =====                   =======         
           lcdWrite                000008D0 
               XSTACK = 0000000B ( 00000000 )
    -------------------------------------------------------------------------
NEAR_CODE
  Relative segment, address: CODE 000008DE - 00000917 (0x3a bytes), align: 0
  Segment part 145.           Intra module refs:   lcdWriteLine
           LOCAL                   ADDRESS         
           =====                   =======         
           lcdWriteMany            000008DE 
               XSTACK = 00000000 ( 00000008 )
    -------------------------------------------------------------------------
NEAR_CODE
  Relative segment, address: CODE 00000918 - 00000939 (0x22 bytes), align: 0
  Segment part 146.           Intra module refs:   halLcdWriteLine
           LOCAL                   ADDRESS         
           =====                   =======         
           lcdWriteLine            00000918 
               calls direct
               XSTACK = 00000009 ( 00000000 )
               ISTACK = 00000000 ( 00000002 )
    -------------------------------------------------------------------------
NEAR_CODE
  Relative segment, address: CODE 0000093A - 0000098D (0x54 bytes), align: 0
  Segment part 147.           Intra module refs:   halBoardInit
           ENTRY                   ADDRESS         REF BY
           =====                   =======         ======
           halLcdInit              0000093A 
               calls direct
               ISTACK = 00000000 ( 00000001 )
    -------------------------------------------------------------------------
NEAR_CODE
  Relative segment, address: CODE 0000098E - 000009A4 (0x17 bytes), align: 0
  Segment part 148.           Intra module refs:   halLcdInit
                                                   main
           ENTRY                   ADDRESS         REF BY
           =====                   =======         ======
           halLcdClear             0000098E 
               calls direct
               ISTACK = 00000000 ( 00000001 )
    -------------------------------------------------------------------------
NEAR_CODE
  Relative segment, address: CODE 000009A5, align: 0
  Segment part 149.           Intra module refs:   utilMenuSelect
           ENTRY                   ADDRESS         REF BY
           =====                   =======         ======
           halLcdWriteChar         000009A5 
               calls direct
               XSTACK = 0000000B ( 00000000 )
               ISTACK = 00000000 ( 00000001 )
    -------------------------------------------------------------------------
NEAR_CODE
  Relative segment, address: CODE 000009A5 - 000009AE (0xa bytes), align: 0
  Segment part 150.           Intra module refs:   halLcdWriteChar
                                                   halLcdWriteSpecChar
           LOCAL                   ADDRESS         
           =====                   =======         
           ?Subroutine14           000009A5 
    -------------------------------------------------------------------------
NEAR_CODE
  Relative segment, address: CODE 000009AF - 000009EC (0x3e bytes), align: 0
  Segment part 151.           Intra module refs:   appLight
                                                   appSwitch
                                                   main
                                                   utilMenuSelect
                                                   utilPrintLogo
           ENTRY                   ADDRESS         REF BY
           =====                   =======         ======
           halLcdWriteLine         000009AF 
               calls direct
               XSTACK = 00000037 ( 00000009 )
               ISTACK = 00000000 ( 00000001 )
    -------------------------------------------------------------------------
NEAR_CODE
  Relative segment, address: CODE 000009ED - 000009FA (0xe bytes), align: 0
  Segment part 152.           Intra module refs:   halLcdWriteLine
           LOCAL                   ADDRESS         
           =====                   =======         
           ?Subroutine9            000009ED 
    -------------------------------------------------------------------------
NEAR_CODE
  Relative segment, address: CODE 000009FB - 00000A30 (0x36 bytes), align: 0
  Segment part 153.           Intra module refs:   utilPrintLogo
           ENTRY                   ADDRESS         REF BY
           =====                   =======         ======
           halLcdCreateSpecChar    000009FB 
               calls direct
               XSTACK = 00000037 ( 0000000B )
    -------------------------------------------------------------------------
NEAR_CODE
  Relative segment, address: CODE 00000A31 - 00000A33 (0x3 bytes), align: 0
  Segment part 154.           Intra module refs:   utilPrintLogo
           ENTRY                   ADDRESS         REF BY
           =====                   =======         ======
           halLcdWriteSpecChar     00000A31 
               calls direct
               XSTACK = 00000037 ( 00000000 )
               ISTACK = 00000000 ( 00000001 )
    -------------------------------------------------------------------------
NEAR_CODE
  Relative segment, address: CODE 00000A34 - 00000A48 (0x15 bytes), align: 0
  Segment part 155.           Intra module refs:   ?Subroutine14
           LOCAL                   ADDRESS         
           =====                   =======         
           ?Subroutine7            00000A34 
    -------------------------------------------------------------------------
NEAR_CODE
  Relative segment, address: CODE 00000A49 - 00000A65 (0x1d bytes), align: 0
  Segment part 156.           Intra module refs:   appLight
                                                   appSwitch
                                                   halBoardInit
                                                   main
           ENTRY                   ADDRESS         REF BY
           =====                   =======         ======
           halAssertHandler        00000A49 
               calls direct
               XSTACK = 00000009 ( 00000000 )
    -------------------------------------------------------------------------
NEAR_CODE
  Relative segment, address: CODE 00000A66 - 00000AD2 (0x6d bytes), align: 0
  Segment part 157.           Intra module refs:   main
           ENTRY                   ADDRESS         REF BY
           =====                   =======         ======
           halBoardInit            00000A66 
               calls direct
    -------------------------------------------------------------------------
NEAR_CODE
  Relative segment, address: CODE 00000AD3 - 00000B12 (0x40 bytes), align: 0
  Segment part 158.           Intra module refs:   main
                                                   utilMenuSelect
           ENTRY                   ADDRESS         REF BY
           =====                   =======         ======
           halButtonPushed         00000AD3 
               XSTACK = 0000000B ( 00000000 )
               ISTACK = 00000000 ( 00000002 )
    -------------------------------------------------------------------------
NEAR_CODE
  Relative segment, address: CODE 00000B13 - 00000B1C (0xa bytes), align: 0
  Segment part 159.           Intra module refs:   halBoardInit
                                                   halButtonPushed
           LOCAL                   ADDRESS         
           =====                   =======         
           ?Subroutine10           00000B13 
    -------------------------------------------------------------------------
XDATA_Z
  Relative segment, address: XDATA 0000020F - 0000021E (0x10 bytes), align: 0
  Segment part 98.            Intra module refs:   port0_ISR
           LOCAL                   ADDRESS         
           =====                   =======         
           port0_isr_tbl           0000020F 
    -------------------------------------------------------------------------
XDATA_Z
  Relative segment, address: XDATA 0000021F - 0000022E (0x10 bytes), align: 0
  Segment part 99.            Intra module refs:   port1_ISR
           LOCAL                   ADDRESS         
           =====                   =======         
           port1_isr_tbl           0000021F 
    -------------------------------------------------------------------------
XDATA_Z
  Relative segment, address: XDATA 0000022F - 00000238 (0xa bytes), align: 0
  Segment part 100.           Intra module refs:   port2_ISR
           LOCAL                   ADDRESS         
           =====                   =======         
           port2_isr_tbl           0000022F 
    -------------------------------------------------------------------------
NEAR_CODE
  Relative segment, address: CODE 00000B1D - 00000B71 (0x55 bytes), align: 0
  Segment part 160.           Intra module refs:   port0_ISR::??INTVEC 107
           ENTRY                   ADDRESS         REF BY
           =====                   =======         ======
           port0_ISR               00000B1D 
               interrupt function
               ISTACK = 00000000 ( 00000010 )
    -------------------------------------------------------------------------
NEAR_CODE
  Relative segment, address: CODE 00000B72 - 00000B76 (0x5 bytes), align: 0
  Segment part 161.           Intra module refs:   port0_ISR
                                                   port1_ISR
                                                   port2_ISR
           LOCAL                   ADDRESS         
           =====                   =======         
           ?Subroutine20           00000B72 
    -------------------------------------------------------------------------
NEAR_CODE
  Relative segment, address: CODE 00000B77 - 00000B78 (0x2 bytes), align: 0
  Segment part 162.           Intra module refs:   port0_ISR
                                                   port1_ISR
                                                   port2_ISR
           LOCAL                   ADDRESS         
           =====                   =======         
           ?Subroutine3            00000B77 
    -------------------------------------------------------------------------
NEAR_CODE
  Relative segment, address: CODE 00000B79 - 00000B7C (0x4 bytes), align: 0
  Segment part 163.           Intra module refs:   ?Subroutine3
                                                   basicRfInit
                                                   rfIsr
    -------------------------------------------------------------------------
NEAR_CODE
  Relative segment, address: CODE 00000B7D - 00000B80 (0x4 bytes), align: 0
  Segment part 164.           Intra module refs:   ?Subroutine2
                                                   Segment part 163
           LOCAL                   ADDRESS         
           =====                   =======         
           ?Subroutine12           00000B7D 
    -------------------------------------------------------------------------
NEAR_CODE
  Relative segment, address: CODE 00000B81 - 00000B89 (0x9 bytes), align: 0
  Segment part 165.           Intra module refs:   ?Subroutine11
                                                   ?Subroutine12
           LOCAL                   ADDRESS         
           =====                   =======         
           ?Subroutine13           00000B81 
    -------------------------------------------------------------------------
NEAR_CODE
  Relative segment, address: CODE 00000B8A - 00000BE0 (0x57 bytes), align: 0
  Segment part 166.           Intra module refs:   port1_ISR::??INTVEC 123
           ENTRY                   ADDRESS         REF BY
           =====                   =======         ======
           port1_ISR               00000B8A 
               interrupt function
               ISTACK = 00000000 ( 00000010 )
    -------------------------------------------------------------------------
NEAR_CODE
  Relative segment, address: CODE 00000BE1 - 00000C38 (0x58 bytes), align: 0
  Segment part 167.           Intra module refs:   port2_ISR::??INTVEC 51
           ENTRY                   ADDRESS         REF BY
           =====                   =======         ======
           port2_ISR               00000BE1 
               interrupt function
               ISTACK = 00000000 ( 00000010 )
    -------------------------------------------------------------------------
XDATA_Z
  Relative segment, address: XDATA 00000239 - 00000239 (0x1 bytes), align: 0
  Segment part 101.           Intra module refs:   appSwitch
           LOCAL                   ADDRESS         
           =====                   =======         
           halJoystickPushed::prevValue
                                   00000239 
    -------------------------------------------------------------------------
NEAR_CODE
  Relative segment, address: CODE 00000C39 - 00000C8A (0x52 bytes), align: 0
  Segment part 168.           Intra module refs:   utilMenuSelect
           ENTRY                   ADDRESS         REF BY
           =====                   =======         ======
           halJoystickGetDir       00000C39 
               calls direct
               XSTACK = 0000000B ( 00000009 )
    -------------------------------------------------------------------------
XDATA_Z
  Relative segment, address: XDATA 0000023A - 0000023A (0x1 bytes), align: 0
  Segment part 102.           Intra module refs:   halButtonPushed
                                                   halLedToggle
           ENTRY                   ADDRESS         REF BY
           =====                   =======         ======
           led4State               0000023A 
    -------------------------------------------------------------------------
NEAR_CODE
  Relative segment, address: CODE 00000C8B - 00000CC0 (0x36 bytes), align: 0
  Segment part 169.           Intra module refs:   appLight
                                                   halAssertHandler
           ENTRY                   ADDRESS         REF BY
           =====                   =======         ======
           halLedToggle            00000C8B 
               XSTACK = 00000009 ( 00000000 )
               ISTACK = 00000000 ( 00000002 )
    -------------------------------------------------------------------------
XDATA_I
  Relative segment, address: XDATA 00000305 - 0000030C (0x8 bytes), align: 0
  Segment part 103.           Intra module refs:   utilPrintLogo
           LOCAL                   ADDRESS         
           =====                   =======         
           symbol1                 00000305 
    -------------------------------------------------------------------------
XDATA_I
  Relative segment, address: XDATA 0000030D - 00000314 (0x8 bytes), align: 0
  Segment part 105.           Intra module refs:   utilPrintLogo
           LOCAL                   ADDRESS         
           =====                   =======         
           symbol2                 0000030D 
    -------------------------------------------------------------------------
XDATA_I
  Relative segment, address: XDATA 00000315 - 0000031C (0x8 bytes), align: 0
  Segment part 107.           Intra module refs:   utilPrintLogo
           LOCAL                   ADDRESS         
           =====                   =======         
           symbol3                 00000315 
    -------------------------------------------------------------------------
XDATA_I
  Relative segment, address: XDATA 0000031D - 00000324 (0x8 bytes), align: 0
  Segment part 109.           Intra module refs:   utilPrintLogo
           LOCAL                   ADDRESS         
           =====                   =======         
           symbol4                 0000031D 
    -------------------------------------------------------------------------
NEAR_CODE
  Relative segment, address: CODE 00000CC1 - 00000D74 (0xb4 bytes), align: 0
  Segment part 170.           Intra module refs:   main
           ENTRY                   ADDRESS         REF BY
           =====                   =======         ======
           utilMenuSelect          00000CC1 
               calls direct
               XSTACK = 00000000 ( 0000000B )
               ISTACK = 00000000 ( 00000001 )
    -------------------------------------------------------------------------
NEAR_CODE
  Relative segment, address: CODE 00000D75 - 00000D79 (0x5 bytes), align: 0
  Segment part 171.           Intra module refs:   basicRfInit
                                                   halLcdCreateSpecChar
                                                   utilMenuSelect
                                                   utilPrintLogo
           LOCAL                   ADDRESS         
           =====                   =======         
           ?Subroutine18           00000D75 
    -------------------------------------------------------------------------
NEAR_CODE
  Relative segment, address: CODE 00000D7A - 00000D91 (0x18 bytes), align: 0
  Segment part 172.           Intra module refs:   utilMenuSelect
           LOCAL                   ADDRESS         
           =====                   =======         
           ?Subroutine4            00000D7A 
    -------------------------------------------------------------------------
NEAR_CODE
  Relative segment, address: CODE 00000D92 - 00000F0B (0x17a bytes), align: 0
  Segment part 173.           Intra module refs:   main
           ENTRY                   ADDRESS         REF BY
           =====                   =======         ======
           utilPrintLogo           00000D92 
[...]
  Segment part 0.
           ENTRY                   ADDRESS         REF BY
           =====                   =======         ======
           ?S_SHL                  00000220        adcSampleSingle (basic_rf)
                                                   port0_ISR (basic_rf)
                                                   port1_ISR (basic_rf)
                                                   port2_ISR (basic_rf)
    -------------------------------------------------------------------------
RCODE
  Relative segment, address: CODE 00000223 - 00000225 (0x3 bytes), align: 0
  Segment part 1.             Intra module refs:   Segment part 2
           ENTRY                   ADDRESS         REF BY
           =====                   =======         ======
           ?S_SHL_REW              00000223 
    -------------------------------------------------------------------------
RCODE
  Relative segment, address: CODE 00000226 - 00000232 (0xd bytes), align: 0
  Segment part 2.             Intra module refs:   ?S_SHL
                                                   ?S_SHL_REW

    -------------------------------------------------------------------------
  LIBRARY MODULE, NAME : ?ALLOC_XSTACK8

  SEGMENTS IN THE MODULE
  ======================
RCODE
  Relative segment, address: CODE 00000233 - 00000248 (0x16 bytes), align: 0
  Segment part 0.
           ENTRY                   ADDRESS         REF BY
           =====                   =======         ======
           ?ALLOC_XSTACK8          00000233        utilPrintLogo (basic_rf)

    -------------------------------------------------------------------------
  LIBRARY MODULE, NAME : ?DEALLOC_XSTACK8

  SEGMENTS IN THE MODULE
  ======================
RCODE
  Relative segment, address: CODE 00000249 - 00000262 (0x1a bytes), align: 0
  Segment part 0.
           ENTRY                   ADDRESS         REF BY
           =====                   =======         ======
           ?DEALLOC_XSTACK8        00000249        appLight (basic_rf)
                                                   utilPrintLogo (basic_rf)

    -------------------------------------------------------------------------
  LIBRARY MODULE, NAME : ?ADD_XSTACK_DISP8

  SEGMENTS IN THE MODULE
  ======================
RCODE
  Relative segment, address: CODE 00000263 - 0000027D (0x1b bytes), align: 0
  Segment part 1.
           ENTRY                   ADDRESS         REF BY
           =====                   =======         ======
           ?ADD_XSTACK_DISP0_8     00000263        ?PUSH_XSTACK_I (?PUSH_XSTACK_I)

    -------------------------------------------------------------------------
  LIBRARY MODULE, NAME : ?XSTACK_DISP8

  SEGMENTS IN THE MODULE
  ======================
RCODE
  Relative segment, address: CODE 0000027E - 00000287 (0xa bytes), align: 0
  Segment part 1.
           ENTRY                   ADDRESS         REF BY
           =====                   =======         ======
           ?XSTACK_DISP0_8         0000027E        memcpy (?memcpy)
                                                   strncpy (?strncpy)
                                                   utilPrintLogo (basic_rf)

    -------------------------------------------------------------------------
  LIBRARY MODULE, NAME : ?CALL_IND

  SEGMENTS IN THE MODULE
  ======================
RCODE
  Relative segment, address: CODE 00000288 - 00000289 (0x2 bytes), align: 0
  Segment part 0.
           ENTRY                   ADDRESS         REF BY
           =====                   =======         ======
           ?CALL_IND               00000288        port0_ISR (basic_rf)
                                                   port1_ISR (basic_rf)
                                                   port2_ISR (basic_rf)
                                                   rfIsr (basic_rf)

    -------------------------------------------------------------------------
  LIBRARY MODULE, NAME : ?FUNC_ENTER_XDATA

  SEGMENTS IN THE MODULE
  ======================
RCODE
  Relative segment, address: CODE 0000028A - 000002E9 (0x60 bytes), align: 0
  Segment part 1.
           ENTRY                   ADDRESS         REF BY
           =====                   =======         ======
           ?FUNC_ENTER_XDATA       0000028A        appLight (basic_rf)
                                                   appSwitch (basic_rf)
                                                   basicRfInit (basic_rf)
                                                   basicRfSendPacket (basic_rf)
                                                   halJoystickGetDir (basic_rf)
                                                   halLcdCreateSpecChar (basic_rf)
                                                   halLcdWriteLine (basic_rf)
                                                   halMcuWaitMs (basic_rf)
                                                   halRfWriteTxBuf (basic_rf)
                                                   lcdWriteMany (basic_rf)
                                                   memcpy (?memcpy)
                                                   strcat (?strcat)
                                                   strncpy (?strncpy)
                                                   utilMenuSelect (basic_rf)
                                                   utilPrintLogo (basic_rf)

    -------------------------------------------------------------------------
  LIBRARY MODULE, NAME : ?FUNC_LEAVE_XDATA

  SEGMENTS IN THE MODULE
  ======================
RCODE
  Relative segment, address: CODE 000002EA - 00000321 (0x38 bytes), align: 0
  Segment part 1.
           ENTRY                   ADDRESS         REF BY
           =====                   =======         ======
           ?FUNC_LEAVE_XDATA       000002EA        ?Subroutine18 (basic_rf)
                                                   ?Subroutine19 (basic_rf)
                                                   basicRfSendPacket (basic_rf)
                                                   halMcuWaitMs (basic_rf)
                                                   lcdWriteMany (basic_rf)
                                                   memcpy (?memcpy)
                                                   strcat (?strcat)
                                                   strncpy (?strncpy)

    -------------------------------------------------------------------------
  LIBRARY MODULE, NAME : ?INTERRUPT_ENTER_XSP

  SEGMENTS IN THE MODULE
  ======================
RCODE
  Relative segment, address: CODE 00000322 - 00000380 (0x5f bytes), align: 0
  Segment part 1.
           ENTRY                   ADDRESS         REF BY
           =====                   =======         ======
           ?INTERRUPT_ENTER_XSP    00000322        port0_ISR (basic_rf)
                                                   port1_ISR (basic_rf)
                                                   port2_ISR (basic_rf)
                                                   rfIsr (basic_rf)

    -------------------------------------------------------------------------
  LIBRARY MODULE, NAME : ?INTERRUPT_LEAVE_XSP

  SEGMENTS IN THE MODULE
  ======================
RCODE
  Relative segment, address: CODE 00000381 - 000003D0 (0x50 bytes), align: 0
  Segment part 1.
           ENTRY                   ADDRESS         REF BY
           =====                   =======         ======
           ?INTERRUPT_LEAVE_XSP    00000381        ?Subroutine20 (basic_rf)
                                                   rfIsr (basic_rf)

    -------------------------------------------------------------------------
  LIBRARY MODULE, NAME : ?PUSH_XSTACK_I

  SEGMENTS IN THE MODULE
  ======================
RCODE
  Relative segment, address: CODE 000003D1 - 000003D4 (0x4 bytes), align: 0
  Segment part 2.
           ENTRY                   ADDRESS         REF BY
           =====                   =======         ======
           ?PUSH_XSTACK_I_TWO      000003D1        appLight (basic_rf)
                                                   utilPrintLogo (basic_rf)
    -------------------------------------------------------------------------
RCODE
  Relative segment, address: CODE 000003D5 - 000003E1 (0xd bytes), align: 0
  Segment part 4.             Intra module refs:   ?PUSH_XSTACK_I_TWO
           ENTRY                   ADDRESS         REF BY
           =====                   =======         ======
           ?PUSH_XSTACK_I          000003D5 

    -------------------------------------------------------------------------
  LIBRARY MODULE, NAME : ?UC_SWITCH_DENSE

  SEGMENTS IN THE MODULE
  ======================
RCODE
  Relative segment, address: CODE 000003E2 - 000003E7 (0x6 bytes), align: 0
  Segment part 0.
           ENTRY                   ADDRESS         REF BY
           =====                   =======         ======
           ?UC_SWITCH_DENSE        000003E2        halLedToggle (basic_rf)
    -------------------------------------------------------------------------
RCODE
  Relative segment, address: CODE 000003E8 - 00000416 (0x2f bytes), align: 0
  Segment part 2.             Intra module refs:   ?UC_SWITCH_DENSE
    -------------------------------------------------------------------------
RCODE
  Relative segment, address: CODE 00000417 - 00000417 (0x1 bytes), align: 0
  Segment part 4.             Intra module refs:   ?UC_SWITCH_DENSE

    -------------------------------------------------------------------------
  LIBRARY MODULE, NAME : ?UC_SWITCH_SPARSE

  SEGMENTS IN THE MODULE
  ======================
RCODE
  Relative segment, address: CODE 00000418 - 0000041E (0x7 bytes), align: 0
  Segment part 0.
           ENTRY                   ADDRESS         REF BY
           =====                   =======         ======
           ?UC_SWITCH_SPARSE       00000418        utilPrintLogo (basic_rf)
    -------------------------------------------------------------------------
RCODE
  Relative segment, address: CODE 0000041F - 00000440 (0x22 bytes), align: 0
  Segment part 2.             Intra module refs:   ?UC_SWITCH_SPARSE
           ENTRY                   ADDRESS         REF BY
           =====                   =======         ======
           ?UC_SWITCH_SPARSE_LEAVE
                                   00000435        ?UC_JMP_IF_IN_RANGE (?UC_JMP_IF_IN_RANGE)
                                                   ?UC_JMP_IF_VALUE (?UC_JMP_IF_VALUE)
    -------------------------------------------------------------------------
RCODE
  Relative segment, address: CODE 00000441 - 00000441 (0x1 bytes), align: 0
  Segment part 4.             Intra module refs:   ?UC_SWITCH_SPARSE

    -------------------------------------------------------------------------
  LIBRARY MODULE, NAME : ?UC_JMP_IF_IN_RANGE

  SEGMENTS IN THE MODULE
  ======================
RCODE
  Relative segment, address: CODE 00000442 - 00000460 (0x1f bytes), align: 0
  Segment part 0.
           ENTRY                   ADDRESS         REF BY
           =====                   =======         ======
           ?UC_JMP_IF_IN_RANGE     00000442        ?UC_SWITCH_SPARSE_LEAVE (?UC_SWITCH_SPARSE)

    -------------------------------------------------------------------------
  LIBRARY MODULE, NAME : ?UC_JMP_IF_VALUE

  SEGMENTS IN THE MODULE
  ======================
RCODE
  Relative segment, address: CODE 00000461 - 00000476 (0x16 bytes), align: 0
  Segment part 0.
           ENTRY                   ADDRESS         REF BY
           =====                   =======         ======
           ?UC_JMP_IF_VALUE        00000461        ?UC_SWITCH_SPARSE_LEAVE (?UC_SWITCH_SPARSE)

    -------------------------------------------------------------------------
  LIBRARY MODULE, NAME : ?memcpy

  SEGMENTS IN THE MODULE
  ======================
NEAR_CODE
  Relative segment, address: CODE 000010AB - 000010F2 (0x48 bytes), align: 0
  Segment part 6.
           ENTRY                   ADDRESS         REF BY
           =====                   =======         ======
           memcpy                  000010AB        appLight (basic_rf)
               XSTACK = 00000002 ( 00000009 )
               ISTACK = 00000000 ( 00000001 )

    -------------------------------------------------------------------------
  LIBRARY MODULE, NAME : ?strcat

  SEGMENTS IN THE MODULE
  ======================
NEAR_CODE
  Relative segment, address: CODE 000010F3 - 00001128 (0x36 bytes), align: 0
  Segment part 6.
           ENTRY                   ADDRESS         REF BY
           =====                   =======         ======
           strcat                  000010F3        utilPrintLogo (basic_rf)
               XSTACK = 00000000 ( 00000008 )
               ISTACK = 00000000 ( 00000001 )

    -------------------------------------------------------------------------
  LIBRARY MODULE, NAME : ?strlen

  SEGMENTS IN THE MODULE
  ======================
NEAR_CODE
  Relative segment, address: CODE 00001129 - 00001144 (0x1c bytes), align: 0
  Segment part 6.
           ENTRY                   ADDRESS         REF BY
           =====                   =======         ======
           strlen                  00001129        utilPrintLogo (basic_rf)
               ISTACK = 00000000 ( 00000002 )

    -------------------------------------------------------------------------
  LIBRARY MODULE, NAME : ?strncpy

  SEGMENTS IN THE MODULE
  ======================
NEAR_CODE
  Relative segment, address: CODE 00001145 - 000011AB (0x67 bytes), align: 0
  Segment part 6.
           ENTRY                   ADDRESS         REF BY
           =====                   =======         ======
           strncpy                 00001145        utilPrintLogo (basic_rf)
               XSTACK = 00000002 ( 00000009 )
               ISTACK = 00000000 ( 00000001 )

    -------------------------------------------------------------------------
  LIBRARY MODULE, NAME : ?low_level_init

  SEGMENTS IN THE MODULE
  ======================
CSTART
  Relative segment, address: CODE 000000E2 - 000000E4 (0x3 bytes), align: 0
  Segment part 6. ROOT.
           ENTRY                   ADDRESS         REF BY
           =====                   =======         ======
           __low_level_init        000000E2        __low_level_init_call (?cmain)




                ****************************************
                *                                      *
                *            MODULE SUMMARY            *
                *                                      *
                ****************************************

Module                    CODE      DATA      XDATA  IDATA    BIT
------                    ----      ----      -----  -----    ---
                         (Rel)  (Rel)  (Abs)  (Rel)  (Rel)  (Rel)
?ADD_XSTACK_DISP8           27
?ALLOC_XSTACK8              22
?CALL_IND                    2
?DEALLOC_XSTACK8            26
?FUNC_ENTER_XDATA           96
?FUNC_LEAVE_XDATA           56
?INTERRUPT_ENTER_XSP        95
?INTERRUPT_LEAVE_XSP        80
?L_MOV_TO_X                 15
?L_MOV_X                    15
?MOVE_LONG8_XDATA_IDATA     13
?MOVE_LONG8_XDATA_XDATA     33
?PUSH_XSTACK_I              17
?S_SHL                      19
?UC_JMP_IF_IN_RANGE         31
?UC_JMP_IF_VALUE            22
?UC_SWITCH_DENSE            54
?UC_SWITCH_SPARSE           42
?XSTACK_DISP8               10
?cexit                       5
?cmain                      72
?low_level_init              3
?memcpy                     72
?strcat                     54
?strlen                     28
?strncpy                   103
CSTARTUP                    15
  + common                   3
VIRTUAL_REGISTERS                   2                           8
basic_rf                 3 363            38    561
  + common                 134
N/A (command line)                 16           256     64
N/A (alignment)
----------               -----     --     --    ---     --      -
Total:                   4 390     18     38    817     64      8
  + common                 134


                ****************************************
                *                                      *
                *      SEGMENTS IN ADDRESS ORDER       *
                *                                      *
                ****************************************


SEGMENT              SPACE    START ADDRESS   END ADDRESS     SIZE  TYPE  ALIGN
=======              =====    =============   ===========     ====  ====  =====
INTVEC               CODE          00000000 - 00000085          86   com    0
CSTART               CODE          00000086 - 000000E4          5F   rel    0
IDATA_ID             CODE               000000E5                     dse    0
BIT_ID               CODE               000000E5                     dse    0
BDATA_ID             CODE               000000E5                     dse    0
IXDATA_ID            CODE               000000E5                     dse    0
PDATA_ID             CODE               000000E5                     dse    0
DATA_ID              CODE               000000E5                     dse    0
XDATA_ID             CODE          000000E5 - 000001D3          EF   rel    0
BANK_RELAYS          CODE               000001D4                     dse    0
RCODE                CODE          000001D4 - 00000476         2A3   rel    0
DIFUNCT              CODE               00000477                     dse    0
CODE_C               CODE               00000477                     dse    0
CODE_N               CODE               00000477                     dse    0
NEAR_CODE            CODE          00000477 - 000011AB         D35   rel    0
REGISTERS            DATA          00000000 - 00000007           8   rel    0
VREG                 DATA          00000008 - 0000000F           8   rel    0
PSP                  DATA               00000010                     dse    0
XSP                  DATA          00000010 - 00000011           2   rel    0
BREG                 BIT        00000020.0  -  00000020.7        8   rel    0
SFR_AN               DATA          00000080 - 00000080           1   rel    0
                     DATA          00000088 - 0000008B           4 
                     DATA          0000008F - 00000091           3 
                     DATA          0000009A - 0000009B           2 
                     DATA          0000009D - 0000009E           2 
                     DATA          000000A0 - 000000A0           1 
                     DATA          000000A8 - 000000A8           1 
                     DATA          000000B6 - 000000B6           1 
                     DATA          000000BA - 000000BB           2 
                     DATA          000000BE - 000000BE           1 
                     DATA          000000C0 - 000000C0           1 
                     DATA          000000C6 - 000000C6           1 
                     DATA          000000D9 - 000000D9           1 
                     DATA          000000E1 - 000000E1           1 
                     DATA          000000E8 - 000000E9           2 
                     DATA          000000F1 - 000000F5           5 
                     DATA          000000F7 - 000000FF           9 
XSTACK               XDATA         00000001 - 00000100         100   rel    0
XDATA_Z              XDATA         00000101 - 00000242         142   rel    0
XDATA_I              XDATA         00000243 - 00000331          EF   rel    0
ISTACK               IDATA         000000C0 - 000000FF          40   rel    0

                ****************************************
                *                                      *
                *        END OF CROSS REFERENCE        *
                *                                      *
                ****************************************

 4 524 bytes of CODE  memory
    18 bytes of DATA  memory (+ 38 absolute )
   817 bytes of XDATA memory
    64 bytes of IDATA memory
     8 bits  of BIT   memory

Errors: none
Warnings: none

