################################################################################
#                                                                              #
#      IAR Universal Linker V4.61L/W32                                         #
#                                                                              #
#           Link time     =  05/Apr/2014  21:49:26                             #
#           Target CPU    =  x51                                               #
#           List file     =  "C:\Documents and Settings\Administrator\×ÀÃæ\¹âÅ #
#                            Ì\ÎïÁªÍøÎÞÏß´«¸ÐÍøÂç²¿·Ö\exp\zigbee\µã¶ÔµãÎÞÏßÍ¨Ð #
#                            Å\ide\srf05_cc2530\iar\temp\per_test.map"         #
#           Output file 1 =  "C:\Documents and Settings\Administrator\×ÀÃæ\¹âÅ #
#                            Ì\ÎïÁªÍøÎÞÏß´«¸ÐÍøÂç²¿·Ö\exp\zigbee\µã¶ÔµãÎÞÏßÍ¨Ð #
#                            Å\ide\srf05_cc2530\iar\per_test.hex"              #
#                            Format: intel-extended                            #
#           Output file 2 =  "C:\Documents and Settings\Administrator\×ÀÃæ\¹âÅ #
#                            Ì\ÎïÁªÍøÎÞÏß´«¸ÐÍøÂç²¿·Ö\exp\zigbee\µã¶ÔµãÎÞÏßÍ¨Ð #
#                            Å\ide\srf05_cc2530\iar\per_test.d51"              #
#                            Format: debug                                     #
#                            UBROF version 10.0.2                              #
#                            Using library modules for C-SPY (-rt)             #
#           Command line  =  "-IC:\Program Files\IAR Systems\Embedded Workbenc #
#                            h 5.3 Evaluation version\8051\CONFIG\"            #
#                            -D_NR_OF_BANKS=0 -D_CODEBANK_END=0                #
#                            -D_CODEBANK_START=0                               #
#                            "C:\Documents and Settings\Administrator\×ÀÃæ\¹âÅ #
#                            Ì\ÎïÁªÍøÎÞÏß´«¸ÐÍøÂç²¿·Ö\exp\zigbee\µã¶ÔµãÎÞÏßÍ¨Ð #
#                            Å\ide\srf05_cc2530\iar\temp\per_test\adc.r51"     #
#                            "C:\Documents and Settings\Administrator\×ÀÃæ\¹âÅ #
#                            Ì\ÎïÁªÍøÎÞÏß´«¸ÐÍøÂç²¿·Ö\exp\zigbee\µã¶ÔµãÎÞÏßÍ¨Ð #
#                            Å\ide\srf05_cc2530\iar\temp\per_test\basic_rf.r51 #
#                            "                                                 #
#                            "C:\Documents and Settings\Administrator\×ÀÃæ\¹âÅ #
#                            Ì\ÎïÁªÍøÎÞÏß´«¸ÐÍøÂç²¿·Ö\exp\zigbee\µã¶ÔµãÎÞÏßÍ¨Ð #
#                            Å\ide\srf05_cc2530\iar\temp\per_test\clock.r51"   #
#                            "C:\Documents and Settings\Administrator\×ÀÃæ\¹âÅ #
#                            Ì\ÎïÁªÍøÎÞÏß´«¸ÐÍøÂç²¿·Ö\exp\zigbee\µã¶ÔµãÎÞÏßÍ¨Ð #
#                            Å\ide\srf05_cc2530\iar\temp\per_test\hal_assert.r #
#                            51"                                               #
#                            "C:\Documents and Settings\Administrator\×ÀÃæ\¹âÅ #
#                            Ì\ÎïÁªÍøÎÞÏß´«¸ÐÍøÂç²¿·Ö\exp\zigbee\µã¶ÔµãÎÞÏßÍ¨Ð #
#                            Å\ide\srf05_cc2530\iar\temp\per_test\hal_board.r5 #
#                            1"                                                #
#                            "C:\Documents and Settings\Administrator\×ÀÃæ\¹âÅ #
#                            Ì\ÎïÁªÍøÎÞÏß´«¸ÐÍøÂç²¿·Ö\exp\zigbee\µã¶ÔµãÎÞÏßÍ¨Ð #
#                            Å\ide\srf05_cc2530\iar\temp\per_test\hal_button.r #
#                            51"                                               #
#                            "C:\Documents and Settings\Administrator\×ÀÃæ\¹âÅ #
#                            Ì\ÎïÁªÍøÎÞÏß´«¸ÐÍøÂç²¿·Ö\exp\zigbee\µã¶ÔµãÎÞÏßÍ¨Ð #
#                            Å\ide\srf05_cc2530\iar\temp\per_test\hal_digio.r5 #
#                            1"                                                #
#                            "C:\Documents and Settings\Administrator\×ÀÃæ\¹âÅ #
#                            Ì\ÎïÁªÍøÎÞÏß´«¸ÐÍøÂç²¿·Ö\exp\zigbee\µã¶ÔµãÎÞÏßÍ¨Ð #
#                            Å\ide\srf05_cc2530\iar\temp\per_test\hal_int.r51" #
#                            "C:\Documents and Settings\Administrator\×ÀÃæ\¹âÅ #
#                            Ì\ÎïÁªÍøÎÞÏß´«¸ÐÍøÂç²¿·Ö\exp\zigbee\µã¶ÔµãÎÞÏßÍ¨Ð #
#                            Å\ide\srf05_cc2530\iar\temp\per_test\hal_joystick #
#                            .r51"                                             #
#                            "C:\Documents and Settings\Administrator\×ÀÃæ\¹âÅ #
#                            Ì\ÎïÁªÍøÎÞÏß´«¸ÐÍøÂç²¿·Ö\exp\zigbee\µã¶ÔµãÎÞÏßÍ¨Ð #
#                            Å\ide\srf05_cc2530\iar\temp\per_test\hal_lcd_srf0 #
#                            5.r51"                                            #
#                            "C:\Documents and Settings\Administrator\×ÀÃæ\¹âÅ #
#                            Ì\ÎïÁªÍøÎÞÏß´«¸ÐÍøÂç²¿·Ö\exp\zigbee\µã¶ÔµãÎÞÏßÍ¨Ð #
#                            Å\ide\srf05_cc2530\iar\temp\per_test\hal_led.r51" #
#                            "C:\Documents and Settings\Administrator\×ÀÃæ\¹âÅ #
#                            Ì\ÎïÁªÍøÎÞÏß´«¸ÐÍøÂç²¿·Ö\exp\zigbee\µã¶ÔµãÎÞÏßÍ¨Ð #
#                            Å\ide\srf05_cc2530\iar\temp\per_test\hal_mcu.r51" #
#                            "C:\Documents and Settings\Administrator\×ÀÃæ\¹âÅ #
#                            Ì\ÎïÁªÍøÎÞÏß´«¸ÐÍøÂç²¿·Ö\exp\zigbee\µã¶ÔµãÎÞÏßÍ¨Ð #
#                            Å\ide\srf05_cc2530\iar\temp\per_test\hal_rf.r51"  #
#                            "C:\Documents and Settings\Administrator\×ÀÃæ\¹âÅ #
#                            Ì\ÎïÁªÍøÎÞÏß´«¸ÐÍøÂç²¿·Ö\exp\zigbee\µã¶ÔµãÎÞÏßÍ¨Ð #
#                            Å\ide\srf05_cc2530\iar\temp\per_test\hal_timer_32 #
#                            k.r51"                                            #
#                            "C:\Documents and Settings\Administrator\×ÀÃæ\¹âÅ #
#                            Ì\ÎïÁªÍøÎÞÏß´«¸ÐÍøÂç²¿·Ö\exp\zigbee\µã¶ÔµãÎÞÏßÍ¨Ð #
#                            Å\ide\srf05_cc2530\iar\temp\per_test\per_test.r51 #
#                            "                                                 #
#                            "C:\Documents and Settings\Administrator\×ÀÃæ\¹âÅ #
#                            Ì\ÎïÁªÍøÎÞÏß´«¸ÐÍøÂç²¿·Ö\exp\zigbee\µã¶ÔµãÎÞÏßÍ¨Ð #
#                            Å\ide\srf05_cc2530\iar\temp\per_test\per_test_men #
#                            u.r51"                                            #
#                            "C:\Documents and Settings\Administrator\×ÀÃæ\¹âÅ #
#                            Ì\ÎïÁªÍøÎÞÏß´«¸ÐÍøÂç²¿·Ö\exp\zigbee\µã¶ÔµãÎÞÏßÍ¨Ð #
#                            Å\ide\srf05_cc2530\iar\temp\per_test\util.r51"    #
#                            "C:\Documents and Settings\Administrator\×ÀÃæ\¹âÅ #
#                            Ì\ÎïÁªÍøÎÞÏß´«¸ÐÍøÂç²¿·Ö\exp\zigbee\µã¶ÔµãÎÞÏßÍ¨Ð #
#                            Å\ide\srf05_cc2530\iar\temp\per_test\util_buffer. #
#                            r51"                                              #
#                            "C:\Documents and Settings\Administrator\×ÀÃæ\¹âÅ #
#                            Ì\ÎïÁªÍøÎÞÏß´«¸ÐÍøÂç²¿·Ö\exp\zigbee\µã¶ÔµãÎÞÏßÍ¨Ð #
#                            Å\ide\srf05_cc2530\iar\temp\per_test\util_lcd.r51 #
#                            "                                                 #
#                            -o                                                #
#                            "C:\Documents and Settings\Administrator\×ÀÃæ\¹âÅ #
#                            Ì\ÎïÁªÍøÎÞÏß´«¸ÐÍøÂç²¿·Ö\exp\zigbee\µã¶ÔµãÎÞÏßÍ¨Ð #
#                            Å\ide\srf05_cc2530\iar\per_test.d51"              #
#                            -l                                                #
#                            "C:\Documents and Settings\Administrator\×ÀÃæ\¹âÅ #
#                            Ì\ÎïÁªÍøÎÞÏß´«¸ÐÍøÂç²¿·Ö\exp\zigbee\µã¶ÔµãÎÞÏßÍ¨Ð #
#                            Å\ide\srf05_cc2530\iar\temp\per_test.map"         #
#                            -xmsn                                             #
#                            "-IC:\Program Files\IAR Systems\Embedded Workbenc #
#                            h 5.3 Evaluation version\8051\LIB\"               #
#                            -f lnk51ew_cc2530b.xcl (-D_IDATA_END=0xFF         #
#                            -D_PDATA_START=0x1E00 -D_PDATA_END=0x1EFF         #
#                            -D_IXDATA_START=0x0001 -D_IXDATA_END=0x1EFF       #
#                            -D_XDATA_START=_IXDATA_START                      #
#                            -D_XDATA_END=_IXDATA_END -D_CODE_START=0x0000     #
#                            -D_CODE_END=0x7FFF -D_FIRST_BANK_ADDR=0x10000     #
#                            -M(CODE)[(_CODEBANK_START+_FIRST_BANK_ADDR)-(_COD #
#                            EBANK_END+_FIRST_BANK_ADDR)]*_NR_OF_BANKS+0x10000 #
#                            =0x8000                                           #
#                            -ww69=i -D_NEAR_CODE_END=_CODE_END                #
#                            -D?REGISTER_BANK=0 -D_REGISTER_BANK_START=0       #
#                            -D?PBANK_NUMBER=0x1E -D?PBANK=0x93                #
#                            -D_BREG_START=0x00 -D?VB=0x20                     #
#                            -D_FAR_DATA_NR_OF_BANKS=0x0E                      #
#                            -D_FAR_DATA_START=0x010001                        #
#                            -D_FAR_DATA_END=0xFFFFFF                          #
#                            -D_FAR_CODE_START=_CODE_START                     #
#                            -D_FAR_CODE_END=_CODE_END -f lnk_base.xcl         #
#                            (-Z(BIT)BREG=_BREG_START -Z(BIT)BIT_N=0-7F        #
#                            -Z(DATA)REGISTERS+8=_REGISTER_BANK_START          #
#                            -Z(DATA)BDATA_Z,BDATA_N,BDATA_I=20-2F             #
#                            -Z(DATA)VREG+_NR_OF_VIRTUAL_REGISTERS=08-7F       #
#                            -Z(DATA)PSP,XSP=08-7F -Z(DATA)DOVERLAY=08-7F      #
#                            -Z(DATA)DATA_I,DATA_Z,DATA_N=08-7F                #
#                            -U(IDATA)0-7F=(DATA)0-7F                          #
#                            -Z(IDATA)IDATA_I,IDATA_Z,IDATA_N=08-_IDATA_END    #
#                            -Z(IDATA)ISTACK+_IDATA_STACK_SIZE#08-_IDATA_END   #
#                            -Z(IDATA)IOVERLAY=08-FF -Z(CODE)INTVEC=0          #
#                            -Z(CODE)CSTART=_CODE_START-_CODE_END              #
#                            -Z(CODE)BIT_ID,BDATA_ID,DATA_ID,IDATA_ID,IXDATA_I #
#                            D,PDATA_ID,XDATA_ID=_CODE_START-_CODE_END         #
#                            -Z(CODE)HUGE_ID=_FAR_CODE_START-_FAR_CODE_END     #
#                            -Z(CODE)BANK_RELAYS,RCODE,DIFUNCT,CODE_C,CODE_N,N #
#                            EAR_CODE=_CODE_START-_CODE_END                    #
#                            -P(CODE)BANKED_CODE=_CODE_START-_CODE_END,[(_CODE #
#                            BANK_START+_FIRST_BANK_ADDR)-(_CODEBANK_END+_FIRS #
#                            T_BANK_ADDR)]*_NR_OF_BANKS+10000                  #
#                            -P(CODE)FAR_CODE_C,FAR_CODE_N,FAR_CODE=[_FAR_CODE #
#                            _START-_FAR_CODE_END]/10000                       #
#                            -P(CODE)HUGE_CODE_C=_FAR_CODE_START-_FAR_CODE_END #
#                            -Z(CODE)CHECKSUM#_CODE_END                        #
#                            -Z(XDATA)EXT_STACK+_EXTENDED_STACK_SIZE=_EXTENDED #
#                            _STACK_START                                      #
#                            -Z(XDATA)PSTACK+_PDATA_STACK_SIZE=_PDATA_START-_P #
#                            DATA_END                                          #
#                            -Z(XDATA)XSTACK+_XDATA_STACK_SIZE=_XDATA_START-_X #
#                            DATA_END                                          #
#                            -Z(XDATA)PDATA_Z,PDATA_I=_PDATA_START-_PDATA_END  #
#                            -P(XDATA)PDATA_N=_PDATA_START-_PDATA_END          #
#                            -Z(XDATA)IXDATA_Z,IXDATA_I=_IXDATA_START-_IXDATA_ #
#                            END                                               #
#                            -P(XDATA)IXDATA_N=_IXDATA_START-_IXDATA_END       #
#                            -Z(XDATA)XDATA_Z,XDATA_I=_XDATA_START-_XDATA_END  #
#                            -P(XDATA)XDATA_N=_XDATA_START-_XDATA_END          #
#                            -Z(XDATA)XDATA_HEAP+_XDATA_HEAP_SIZE=_XDATA_START #
#                            -_XDATA_END                                       #
#                            -Z(CONST)XDATA_ROM_C=_XDATA_START-_XDATA_END      #
#                            -Z(XDATA)FAR_Z=[_FAR_DATA_START-_FAR_DATA_END]/10 #
#                            000                                               #
#                            -Z(XDATA)FAR_I=[_FAR_DATA_START-_FAR_DATA_END]/10 #
#                            000                                               #
#                            -Z(CODE)FAR_ID=[_FAR_CODE_START-_FAR_CODE_END]/10 #
#                            000                                               #
#                            -Z(XDATA)FAR_HEAP+_FAR_HEAP_SIZE=[_FAR_DATA_START #
#                            -_FAR_DATA_END]/10000                             #
#                            -P(XDATA)FAR_N=[_FAR_DATA_START-_FAR_DATA_END]*_F #
#                            AR_DATA_NR_OF_BANKS+10000                         #
#                            -P(CONST)FAR_ROM_C=[_FAR_DATA_START-_FAR_DATA_END #
#                            ]*_FAR_DATA_NR_OF_BANKS+10000                     #
#                            -Z(XDATA)HUGE_Z,HUGE_I=_FAR_DATA_START-_FAR_DATA_ #
#                            END                                               #
#                            -P(XDATA)HUGE_N=_FAR_DATA_START-_FAR_DATA_END     #
#                            -Z(XDATA)HUGE_HEAP+_HUGE_HEAP_SIZE=_FAR_DATA_STAR #
#                            T-_FAR_DATA_END                                   #
#                            -Z(CONST)HUGE_ROM_C=_FAR_DATA_START-_FAR_DATA_END #
#                            -cx51) -D_BANK0_START=0x00000                     #
#                            -D_BANK0_END=0x07FFF -D_BANK1_START=0x18000       #
#                            -D_BANK1_END=0x1FFFF -D_BANK2_START=0x28000       #
#                            -D_BANK2_END=0x2FFFF -D_BANK3_START=0x38000       #
#                            -D_BANK3_END=0x3FFFF -D_BANK4_START=0x48000       #
#                            -D_BANK4_END=0x4FFFF -D_BANK5_START=0x58000       #
#                            -D_BANK5_END=0x5FFFF -D_BANK6_START=0x68000       #
#                            -D_BANK6_END=0x6FFFF -D_BANK7_START=0x78000       #
#                            -D_BANK7_END=0x7FFFF                              #
#                            -P(CODE)BANK0=_BANK0_START-_BANK0_END             #
#                            -P(CODE)BANK1=_BANK1_START-_BANK1_END             #
#                            -P(CODE)BANK2=_BANK2_START-_BANK2_END             #
#                            -P(CODE)BANK3=_BANK3_START-_BANK3_END             #
#                            -P(CODE)BANK4=_BANK4_START-_BANK4_END             #
#                            -P(CODE)BANK5=_BANK5_START-_BANK5_END             #
#                            -P(CODE)BANK6=_BANK6_START-_BANK6_END             #
#                            -P(CODE)BANK7=_BANK7_START-_BANK7_END             #
#                            -D_FLASH_LOCK_BITS_START=((_NR_OF_BANKS*_FIRST_BA #
#                            NK_ADDR)+0xFFF0)                                  #
#                            -D_FLASH_LOCK_BITS_END=((_NR_OF_BANKS*_FIRST_BANK #
#                            _ADDR)+0xFFFF)                                    #
#                            -Z(CODE)FLASH_LOCK_BITS=_FLASH_LOCK_BITS_START-_F #
#                            LASH_LOCK_BITS_END                                #
#                            -U(CODE)0x0000=(CODE)_FLASH_LOCK_BITS_START-_FLAS #
#                            H_LOCK_BITS_END)                                  #
#                            -D_NR_OF_VIRTUAL_REGISTERS=8                      #
#                            -e_medium_write=_formatted_write                  #
#                            -e_medium_read=_formatted_read -rt                #
#                            "-Ointel-extended=C:\Documents and Settings\Admin #
#                            istrator\×ÀÃæ\¹âÅÌ\ÎïÁªÍøÎÞÏß´«¸ÐÍøÂç²¿·Ö\exp\zig #
#                            bee\µã¶ÔµãÎÞÏßÍ¨ÐÅ\ide\srf05_cc2530\iar\per_test. #
#                            hex"                                              #
#                            -s __program_start                                #
#                            "C:\Program Files\IAR Systems\Embedded Workbench  #
#                            5.3 Evaluation version\8051\LIB\CLIB\cl-pli-nlxd- #
#                            1e16x01.r51"                                      #
#                            -D_IDATA_STACK_SIZE=0x40                          #
#                            -D_EXTENDED_STACK_START=0x00                      #
#                            -D_EXTENDED_STACK_SIZE=0x00                       #
#                            -D_PDATA_STACK_SIZE=0x80                          #
#                            -D_XDATA_STACK_SIZE=0x100                         #
#                            -D_XDATA_HEAP_SIZE=0xFF -D_FAR_HEAP_SIZE=0xFFF    #
#                            -D_HUGE_HEAP_SIZE=0xFFF                           #
#                                                                              #
#                           Copyright (C) 1987-2009 IAR Systems AB.            #
################################################################################





                ****************************************
                *                                      *
                *           CROSS REFERENCE            *
                *                                      *
                ****************************************

       Program entry at : CODE      000000D3  Relocatable, from module : CSTARTUP




                ****************************************
                *                                      *
                *            RUNTIME MODEL             *
                *                                      *
                ****************************************

  __calling_convention     = xdata_reentrant
  __code_model             = near
  __core                   = plain
  __data_model             = large
  __dptr_size              = 16
  __extended_stack         = disabled
  __location_for_constants = data
  __number_of_dptrs        = 1
  __rt_version             = 1



                ****************************************
                *                                      *
                *              MODULE MAP              *
                *                                      *
                ****************************************


  DEFINED ABSOLUTE ENTRIES
    *************************************************************************

  DEFINED ABSOLUTE ENTRIES
  PROGRAM MODULE, NAME : ?ABS_ENTRY_MOD

Absolute parts
           ENTRY                   ADDRESS         REF BY
           =====                   =======         ======
           _HUGE_HEAP_SIZE         00000FFF 
           _FAR_HEAP_SIZE          00000FFF 
           _XDATA_HEAP_SIZE        000000FF 
           _XDATA_STACK_SIZE       00000100 
           _PDATA_STACK_SIZE       00000080 
           _EXTENDED_STACK_SIZE    00000000 
           _EXTENDED_STACK_START   00000000 
           _IDATA_STACK_SIZE       00000040 
           _NR_OF_VIRTUAL_REGISTERS
                                   00000008 
           _FLASH_LOCK_BITS_END    0000FFFF 
           _FLASH_LOCK_BITS_START
                                   0000FFF0 
           _BANK7_END              0007FFFF 
           _BANK7_START            00078000 
           _BANK6_END              0006FFFF 
           _BANK6_START            00068000 
           _BANK5_END              0005FFFF 
           _BANK5_START            00058000 
           _BANK4_END              0004FFFF 
           _BANK4_START            00048000 
           _BANK3_END              0003FFFF 
           _BANK3_START            00038000 
           _BANK2_END              0002FFFF 
           _BANK2_START            00028000 
           _BANK1_END              0001FFFF 
           _BANK1_START            00018000 
           _BANK0_END              00007FFF 
           _BANK0_START            00000000 
           _FAR_CODE_END           00007FFF 
           _FAR_CODE_START         00000000 
           _FAR_DATA_END           00FFFFFF 
           _FAR_DATA_START         00010001 
           _FAR_DATA_NR_OF_BANKS   0000000E 
           ?VB                     00000020        ?FUNC_ENTER_XDATA (?FUNC_ENTER_XDATA)
                                                   ?FUNC_LEAVE_XDATA (?FUNC_LEAVE_XDATA)
                                                   ?INTERRUPT_ENTER_XSP (?INTERRUPT_ENTER_XSP)
                                                   ?INTERRUPT_LEAVE_XSP (?INTERRUPT_LEAVE_XSP)
           _BREG_START             00000000 
           ?PBANK                  00000093 
           ?PBANK_NUMBER           0000001E 
           _REGISTER_BANK_START    00000000 
           ?REGISTER_BANK          00000000        Segment part 6 (CSTARTUP)
           _NEAR_CODE_END          00007FFF 
           _FIRST_BANK_ADDR        00010000 
           _CODE_END               00007FFF 
           _CODE_START             00000000 
           _XDATA_END              00001EFF 
           _XDATA_START            00000001 
           _IXDATA_END             00001EFF 
           _IXDATA_START           00000001 
           _PDATA_END              00001EFF 
           _PDATA_START            00001E00 
           _IDATA_END              000000FF 
           _CODEBANK_START         00000000 
           _CODEBANK_END           00000000 
           _NR_OF_BANKS            00000000 
    *************************************************************************

  FILE NAME : C:\Documents and Settings\Administrator\×ÀÃæ\¹âÅÌ\ÎïÁªÍøÎÞÏß´«¸ÐÍøÂç²¿·Ö\exp\zigbee\µã¶ÔµãÎÞÏßÍ¨ÐÅ\ide\srf05_cc2530\iar\temp\per_test\adc.r51
    *************************************************************************

  FILE NAME : C:\Documents and Settings\Administrator\×ÀÃæ\¹âÅÌ\ÎïÁªÍøÎÞÏß´«¸ÐÍøÂç²¿·Ö\exp\zigbee\µã¶ÔµãÎÞÏßÍ¨ÐÅ\ide\srf05_cc2530\iar\temp\per_test\basic_rf.r51
  PROGRAM MODULE, NAME : basic_rf

  SEGMENTS IN THE MODULE
  ======================
XDATA_I
  Relative segment, address: XDATA 000001CB - 000001D6 (0xc bytes), align: 0
  Segment part 42.            Intra module refs:   appReceiver
                                                   basicRfInit
                                                   basicRfRxFrmDoneIsr
           LOCAL                   ADDRESS         
           =====                   =======         
           rxi                     000001CB 
    -------------------------------------------------------------------------
XDATA_I
  Relative segment, address: XDATA 000001D7 - 000001DA (0x4 bytes), align: 0
  Segment part 57.            Intra module refs:   basicRfInit
           ENTRY                   ADDRESS         REF BY
           =====                   =======         ======
           __Constant_0            000001D7 
    -------------------------------------------------------------------------
XDATA_Z
  Relative segment, address: XDATA 00000101 - 00000107 (0x7 bytes), align: 0
  Segment part 44.            Intra module refs:   appReceiver
                                                   basicRfInit
                                                   basicRfRxFrmDoneIsr
           LOCAL                   ADDRESS         
           =====                   =======         
           txState                 00000101 
    -------------------------------------------------------------------------
XDATA_Z
  Relative segment, address: XDATA 00000108 - 00000109 (0x2 bytes), align: 0
  Segment part 45.            Intra module refs:   Segment part 86
                                                   basicRfInit
           LOCAL                   ADDRESS         
           =====                   =======         
           pConfig                 00000108 
    -------------------------------------------------------------------------
XDATA_Z
  Relative segment, address: XDATA 0000010A - 00000189 (0x80 bytes), align: 0
  Segment part 46.            Intra module refs:   ?Subroutine1
                                                   basicRfRxFrmDoneIsr
           LOCAL                   ADDRESS         
           =====                   =======         
           rxMpdu                  0000010A 
    -------------------------------------------------------------------------
NEAR_CODE
  Relative segment, address: CODE 00000302 - 000003E0 (0xdf bytes), align: 0
  Segment part 59.            Intra module refs:   basicRfInit
           LOCAL                   ADDRESS         
           =====                   =======         
           basicRfRxFrmDoneIsr     00000302 
               calls direct, is indirectly called
               ISTACK = 00000000 ( 00000002 )
    -------------------------------------------------------------------------
NEAR_CODE
  Relative segment, address: CODE 000003E1 - 000003EE (0xe bytes), align: 0
  Segment part 60.            Intra module refs:   basicRfRxFrmDoneIsr
           LOCAL                   ADDRESS         
           =====                   =======         
           ?Subroutine1            000003E1 
    -------------------------------------------------------------------------
NEAR_CODE
  Relative segment, address: CODE 000003EF - 00000484 (0x96 bytes), align: 0
  Segment part 61.            Intra module refs:   appReceiver
           ENTRY                   ADDRESS         REF BY
           =====                   =======         ======
           basicRfInit             000003EF 
               calls direct
               XSTACK = 00000009 ( 0000000B )
    -------------------------------------------------------------------------
SFR_AN
  Relative segment, address: DATA 00000080 - 00000080 (0x1 bytes), align: 0
  Segment part 1. ROOT.       Intra module refs:   halBoardInit
                                                   halLcdInit
                                                   halLedClear
                                                   halLedSet
                                                   halLedToggle
                                                   lcdControl
                                                   lcdWrite
           ENTRY                   ADDRESS         REF BY
           =====                   =======         ======
           _A_P0                   00000080 
    -------------------------------------------------------------------------
SFR_AN
  Relative segment, address: DATA 00000089 - 00000089 (0x1 bytes), align: 0
  Segment part 2. ROOT.       Intra module refs:   port0_ISR
           ENTRY                   ADDRESS         REF BY
           =====                   =======         ======
           P0IFG                   00000089 
    -------------------------------------------------------------------------
SFR_AN
  Relative segment, address: DATA 0000008A - 0000008A (0x1 bytes), align: 0
  Segment part 3. ROOT.       Intra module refs:   port1_ISR
           ENTRY                   ADDRESS         REF BY
           =====                   =======         ======
           P1IFG                   0000008A 
    -------------------------------------------------------------------------
SFR_AN
  Relative segment, address: DATA 0000008B - 0000008B (0x1 bytes), align: 0
  Segment part 4. ROOT.       Intra module refs:   port2_ISR
           ENTRY                   ADDRESS         REF BY
           =====                   =======         ======
           P2IFG                   0000008B 
    -------------------------------------------------------------------------
SFR_AN
  Relative segment, address: DATA 0000008F - 0000008F (0x1 bytes), align: 0
  Segment part 5. ROOT.       Intra module refs:   halBoardInit
           ENTRY                   ADDRESS         REF BY
           =====                   =======         ======
           P0INP                   0000008F 
    -------------------------------------------------------------------------
SFR_AN
  Relative segment, address: DATA 00000090 - 00000090 (0x1 bytes), align: 0
  Segment part 6. ROOT.       Intra module refs:   halBoardInit
                                                   halLcdInit
                                                   halLedClear
                                                   halLedSet
                                                   halLedToggle
                                                   lcdControl
                                                   lcdWrite
           ENTRY                   ADDRESS         REF BY
           =====                   =======         ======
           _A_P1                   00000090 
    -------------------------------------------------------------------------
SFR_AN
  Relative segment, address: DATA 0000009A - 0000009A (0x1 bytes), align: 0
  Segment part 7. ROOT.       Intra module refs:   halRfDisableRxInterrupt
                                                   halRfEnableRxInterrupt
           ENTRY                   ADDRESS         REF BY
           =====                   =======         ======
           IEN2                    0000009A 
    -------------------------------------------------------------------------
SFR_AN
  Relative segment, address: DATA 0000009B - 0000009B (0x1 bytes), align: 0
  Segment part 8. ROOT.       Intra module refs:   rfIsr
           ENTRY                   ADDRESS         REF BY
           =====                   =======         ======
           S1CON                   0000009B 
    -------------------------------------------------------------------------
SFR_AN
  Relative segment, address: DATA 0000009D - 0000009D (0x1 bytes), align: 0
  Segment part 9. ROOT.       Intra module refs:   clockSetMainSrc
           ENTRY                   ADDRESS         REF BY
           =====                   =======         ======
           SLEEPSTA                0000009D 
    -------------------------------------------------------------------------
SFR_AN
  Relative segment, address: DATA 0000009E - 0000009E (0x1 bytes), align: 0
  Segment part 10. ROOT.      Intra module refs:   clockSelect32k
                                                   clockSetMainSrc
                                                   halBoardInit
           ENTRY                   ADDRESS         REF BY
           =====                   =======         ======
           CLKCONSTA               0000009E 
    -------------------------------------------------------------------------
SFR_AN
  Relative segment, address: DATA 000000A8 - 000000A8 (0x1 bytes), align: 0
  Segment part 11. ROOT.      Intra module refs:   appReceiver
                                                   basicRfInit
                                                   basicRfRxFrmDoneIsr
                                                   halBoardInit
                                                   rfIsr
           ENTRY                   ADDRESS         REF BY
           =====                   =======         ======
           _A_IEN0                 000000A8 
    -------------------------------------------------------------------------
SFR_AN
  Relative segment, address: DATA 000000BE - 000000BE (0x1 bytes), align: 0
  Segment part 12. ROOT.      Intra module refs:   clockSetMainSrc
           ENTRY                   ADDRESS         REF BY
           =====                   =======         ======
           SLEEPCMD                000000BE 
    -------------------------------------------------------------------------
SFR_AN
  Relative segment, address: DATA 000000C0 - 000000C0 (0x1 bytes), align: 0
  Segment part 13. ROOT.      Intra module refs:   port0_ISR
           ENTRY                   ADDRESS         REF BY
           =====                   =======         ======
           _A_IRCON                000000C0 
    -------------------------------------------------------------------------
SFR_AN
  Relative segment, address: DATA 000000C6 - 000000C6 (0x1 bytes), align: 0
  Segment part 14. ROOT.      Intra module refs:   clockSelect32k
                                                   clockSetMainSrc
           ENTRY                   ADDRESS         REF BY
           =====                   =======         ======
           CLKCONCMD               000000C6 
    -------------------------------------------------------------------------
SFR_AN
  Relative segment, address: DATA 000000D9 - 000000D9 (0x1 bytes), align: 0
  Segment part 15. ROOT.      Intra module refs:   halRfReadRxBuf
           ENTRY                   ADDRESS         REF BY
           =====                   =======         ======
           RFD                     000000D9 
    -------------------------------------------------------------------------
SFR_AN
  Relative segment, address: DATA 000000E1 - 000000E1 (0x1 bytes), align: 0
  Segment part 16. ROOT.      Intra module refs:   appReceiver
           ENTRY                   ADDRESS         REF BY
           =====                   =======         ======
           RFST                    000000E1 
    -------------------------------------------------------------------------
SFR_AN
  Relative segment, address: DATA 000000E8 - 000000E8 (0x1 bytes), align: 0
  Segment part 17. ROOT.      Intra module refs:   port1_ISR
                                                   port2_ISR
           ENTRY                   ADDRESS         REF BY
           =====                   =======         ======
           _A_IRCON2               000000E8 
    -------------------------------------------------------------------------
SFR_AN
  Relative segment, address: DATA 000000E9 - 000000E9 (0x1 bytes), align: 0
  Segment part 18. ROOT.      Intra module refs:   rfIsr
           ENTRY                   ADDRESS         REF BY
           =====                   =======         ======
           RFIRQF0                 000000E9 
    -------------------------------------------------------------------------
SFR_AN
  Relative segment, address: DATA 000000F1 - 000000F1 (0x1 bytes), align: 0
  Segment part 19. ROOT.      Intra module refs:   halBoardInit
           ENTRY                   ADDRESS         REF BY
           =====                   =======         ======
           PERCFG                  000000F1 
    -------------------------------------------------------------------------
SFR_AN
  Relative segment, address: DATA 000000F3 - 000000F3 (0x1 bytes), align: 0
  Segment part 20. ROOT.      Intra module refs:   halBoardInit
                                                   halLcdInit
           ENTRY                   ADDRESS         REF BY
           =====                   =======         ======
           P0SEL                   000000F3 
    -------------------------------------------------------------------------
SFR_AN
  Relative segment, address: DATA 000000F4 - 000000F4 (0x1 bytes), align: 0
  Segment part 21. ROOT.      Intra module refs:   halBoardInit
                                                   halLcdInit
           ENTRY                   ADDRESS         REF BY
           =====                   =======         ======
           P1SEL                   000000F4 
    -------------------------------------------------------------------------
SFR_AN
  Relative segment, address: DATA 000000F5 - 000000F5 (0x1 bytes), align: 0
  Segment part 22. ROOT.      Intra module refs:   halBoardInit
           ENTRY                   ADDRESS         REF BY
           =====                   =======         ======
           P2SEL                   000000F5 
    -------------------------------------------------------------------------
SFR_AN
  Relative segment, address: DATA 000000F7 - 000000F7 (0x1 bytes), align: 0
  Segment part 23. ROOT.      Intra module refs:   halBoardInit
           ENTRY                   ADDRESS         REF BY
           =====                   =======         ======
           P2INP                   000000F7 
    -------------------------------------------------------------------------
SFR_AN
  Relative segment, address: DATA 000000F8 - 000000F8 (0x1 bytes), align: 0
  Segment part 24. ROOT.      Intra module refs:   halBoardInit
                                                   lcdControl
                                                   lcdWrite
           ENTRY                   ADDRESS         REF BY
           =====                   =======         ======
           _A_U1CSR                000000F8 
    -------------------------------------------------------------------------
SFR_AN
  Relative segment, address: DATA 000000F9 - 000000F9 (0x1 bytes), align: 0
  Segment part 25. ROOT.      Intra module refs:   lcdControl
                                                   lcdWrite
           ENTRY                   ADDRESS         REF BY
           =====                   =======         ======
           U1DBUF                  000000F9 
    -------------------------------------------------------------------------
SFR_AN
  Relative segment, address: DATA 000000FA - 000000FA (0x1 bytes), align: 0
  Segment part 26. ROOT.      Intra module refs:   halBoardInit
           ENTRY                   ADDRESS         REF BY
           =====                   =======         ======
           U1BAUD                  000000FA 
    -------------------------------------------------------------------------
SFR_AN
  Relative segment, address: DATA 000000FB - 000000FB (0x1 bytes), align: 0
  Segment part 27. ROOT.      Intra module refs:   halBoardInit
           ENTRY                   ADDRESS         REF BY
           =====                   =======         ======
           U1UCR                   000000FB 
    -------------------------------------------------------------------------
SFR_AN
  Relative segment, address: DATA 000000FC - 000000FC (0x1 bytes), align: 0
  Segment part 28. ROOT.      Intra module refs:   halBoardInit
           ENTRY                   ADDRESS         REF BY
           =====                   =======         ======
           U1GCR                   000000FC 
    -------------------------------------------------------------------------
SFR_AN
  Relative segment, address: DATA 000000FD - 000000FD (0x1 bytes), align: 0
  Segment part 29. ROOT.      Intra module refs:   halBoardInit
                                                   halLcdInit
           ENTRY                   ADDRESS         REF BY
           =====                   =======         ======
           P0DIR                   000000FD 
    -------------------------------------------------------------------------
SFR_AN
  Relative segment, address: DATA 000000FE - 000000FE (0x1 bytes), align: 0
  Segment part 30. ROOT.      Intra module refs:   halBoardInit
                                                   halLcdInit
           ENTRY                   ADDRESS         REF BY
           =====                   =======         ======
           P1DIR                   000000FE 
    -------------------------------------------------------------------------
SFR_AN
  Relative segment, address: DATA 000000FF - 000000FF (0x1 bytes), align: 0
  Segment part 31. ROOT.      Intra module refs:   halBoardInit
           ENTRY                   ADDRESS         REF BY
           =====                   =======         ======
           P2DIR                   000000FF 
    -------------------------------------------------------------------------
NEAR_CODE
  Relative segment, address: CODE 00000485 - 000004B8 (0x34 bytes), align: 0
  Segment part 62.            Intra module refs:   halBoardInit
           ENTRY                   ADDRESS         REF BY
           =====                   =======         ======
           clockSetMainSrc         00000485 
    -------------------------------------------------------------------------
NEAR_CODE
  Relative segment, address: CODE 000004B9 - 000004DE (0x26 bytes), align: 0
  Segment part 63.            Intra module refs:   halBoardInit
           ENTRY                   ADDRESS         REF BY
           =====                   =======         ======
           clockSelect32k          000004B9 
    -------------------------------------------------------------------------
NEAR_CODE
  Relative segment, address: CODE 000004DF - 0000050F (0x31 bytes), align: 0
  Segment part 64.            Intra module refs:   halMcuWaitMs
           ENTRY                   ADDRESS         REF BY
           =====                   =======         ======
           halMcuWaitUs            000004DF 
               XSTACK = 00000008 ( 00000000 )
    -------------------------------------------------------------------------
NEAR_CODE
  Relative segment, address: CODE 00000510 - 0000053C (0x2d bytes), align: 0
  Segment part 65.            Intra module refs:   ?Subroutine2
                                                   appReceiver
                                                   halLcdInit
           ENTRY                   ADDRESS         REF BY
           =====                   =======         ======
           halMcuWaitMs            00000510 
               calls direct
               XSTACK = 00000009 ( 00000008 )
    -------------------------------------------------------------------------
XDATA_Z
  Relative segment, address: XDATA 0000018A - 0000018B (0x2 bytes), align: 0
  Segment part 47.            Intra module refs:   basicRfInit
                                                   rfIsr
           LOCAL                   ADDRESS         
           =====                   =======         
           pfISR                   0000018A 
    -------------------------------------------------------------------------
NEAR_CODE
  Relative segment, address: CODE 0000053D - 00000565 (0x29 bytes), align: 0
  Segment part 66.            Intra module refs:   basicRfInit
                                                   main
           ENTRY                   ADDRESS         REF BY
           =====                   =======         ======
           halRfInit               0000053D 
               calls direct
               XSTACK = 0000000B ( 00000000 )
               ISTACK = 00000000 ( 00000002 )
    -------------------------------------------------------------------------
NEAR_CODE
  Relative segment, address: CODE 00000566 - 0000057D (0x18 bytes), align: 0
  Segment part 67.            Intra module refs:   ?Subroutine1
                                                   basicRfRxFrmDoneIsr
           ENTRY                   ADDRESS         REF BY
           =====                   =======         ======
           halRfReadRxBuf          00000566 
               ISTACK = 00000000 ( 00000003 )
    -------------------------------------------------------------------------
NEAR_CODE
  Relative segment, address: CODE 0000057E - 0000058D (0x10 bytes), align: 0
  Segment part 68.            Intra module refs:   basicRfRxFrmDoneIsr
           ENTRY                   ADDRESS         REF BY
           =====                   =======         ======
           halRfDisableRxInterrupt
                                   0000057E 
               ISTACK = 00000000 ( 00000002 )
    -------------------------------------------------------------------------
NEAR_CODE
  Relative segment, address: CODE 0000058E - 0000059B (0xe bytes), align: 0
  Segment part 69.            Intra module refs:   basicRfRxFrmDoneIsr
                                                   halRfInit
           ENTRY                   ADDRESS         REF BY
           =====                   =======         ======
           halRfEnableRxInterrupt
                                   0000058E 
               ISTACK = 00000000 ( 00000002 )
    -------------------------------------------------------------------------
NEAR_CODE
  Relative segment, address: CODE 0000059C - 000005A0 (0x5 bytes), align: 0
  Segment part 70.            Intra module refs:   basicRfRxFrmDoneIsr
                                                   halLedClear
                                                   halLedSet
                                                   halLedToggle
                                                   halRfDisableRxInterrupt
                                                   halRfEnableRxInterrupt
                                                   halRfInit
                                                   halRfReadRxBuf
           LOCAL                   ADDRESS         
           =====                   =======         
           ?Subroutine7            0000059C 
    -------------------------------------------------------------------------
NEAR_CODE
  Relative segment, address: CODE 000005A1 - 000005D3 (0x33 bytes), align: 0
  Segment part 71.            Intra module refs:   rfIsr::??INTVEC 131
           ENTRY                   ADDRESS         REF BY
           =====                   =======         ======
           rfIsr                   000005A1 
               interrupt function
               ISTACK = 00000000 ( 0000000F )
    -------------------------------------------------------------------------
NEAR_CODE
  Relative segment, address: CODE 000005D4 - 000005D8 (0x5 bytes), align: 0
  Segment part 72.            Intra module refs:   T1_ISR
                                                   rfIsr
           LOCAL                   ADDRESS         
           =====                   =======         
           ?Subroutine8            000005D4 
    -------------------------------------------------------------------------
XDATA_Z
  Relative segment, address: XDATA 0000018C - 0000018D (0x2 bytes), align: 0
  Segment part 48.            Intra module refs:   T1_ISR
           LOCAL                   ADDRESS         
           =====                   =======         
           fptr                    0000018C 
    -------------------------------------------------------------------------
NEAR_CODE
  Relative segment, address: CODE 000005D9 - 000005F4 (0x1c bytes), align: 0
  Segment part 73.            Intra module refs:   T1_ISR::??INTVEC 75
           ENTRY                   ADDRESS         REF BY
           =====                   =======         ======
           T1_ISR                  000005D9 
               interrupt function
               ISTACK = 00000000 ( 0000000F )
    -------------------------------------------------------------------------
NEAR_CODE
  Relative segment, address: CODE 000005F5 - 00000600 (0xc bytes), align: 0
  Segment part 74.            Intra module refs:   halLcdInit
           LOCAL                   ADDRESS         
           =====                   =======         
           lcdControl              000005F5 
    -------------------------------------------------------------------------
NEAR_CODE
  Relative segment, address: CODE 00000601 - 00000607 (0x7 bytes), align: 0
  Segment part 75.            Intra module refs:   lcdControl
                                                   lcdWrite
           LOCAL                   ADDRESS         
           =====                   =======         
           ?Subroutine6            00000601 
    -------------------------------------------------------------------------
NEAR_CODE
  Relative segment, address: CODE 00000608 - 00000615 (0xe bytes), align: 0
  Segment part 76.            Intra module refs:   halLcdInit
           LOCAL                   ADDRESS         
           =====                   =======         
           lcdWrite                00000608 
    -------------------------------------------------------------------------
NEAR_CODE
  Relative segment, address: CODE 00000616 - 00000676 (0x61 bytes), align: 0
  Segment part 77.            Intra module refs:   halBoardInit
           ENTRY                   ADDRESS         REF BY
           =====                   =======         ======
           halLcdInit              00000616 
               calls direct
               ISTACK = 00000000 ( 00000001 )
    -------------------------------------------------------------------------
NEAR_CODE
  Relative segment, address: CODE 00000677 - 0000068C (0x16 bytes), align: 0
  Segment part 78.            Intra module refs:   appReceiver
                                                   halBoardInit
                                                   main
           ENTRY                   ADDRESS         REF BY
           =====                   =======         ======
           halAssertHandler        00000677 
               calls direct
               XSTACK = 00000009 ( 00000000 )
    -------------------------------------------------------------------------
NEAR_CODE
  Relative segment, address: CODE 0000068D - 00000708 (0x7c bytes), align: 0
  Segment part 79.            Intra module refs:   main
           ENTRY                   ADDRESS         REF BY
           =====                   =======         ======
           halBoardInit            0000068D 
               calls direct
    -------------------------------------------------------------------------
XDATA_Z
  Relative segment, address: XDATA 0000018E - 0000019D (0x10 bytes), align: 0
  Segment part 49.            Intra module refs:   ?Subroutine3
           LOCAL                   ADDRESS         
           =====                   =======         
           port0_isr_tbl           0000018E 
    -------------------------------------------------------------------------
XDATA_Z
  Relative segment, address: XDATA 0000019E - 000001AD (0x10 bytes), align: 0
  Segment part 50.            Intra module refs:   ?Subroutine4
           LOCAL                   ADDRESS         
           =====                   =======         
           port1_isr_tbl           0000019E 
    -------------------------------------------------------------------------
XDATA_Z
  Relative segment, address: XDATA 000001AE - 000001B7 (0xa bytes), align: 0
  Segment part 51.            Intra module refs:   ?Subroutine5
           LOCAL                   ADDRESS         
           =====                   =======         
           port2_isr_tbl           000001AE 
    -------------------------------------------------------------------------
NEAR_CODE
  Relative segment, address: CODE 00000709 - 00000751 (0x49 bytes), align: 0
  Segment part 80.            Intra module refs:   port0_ISR::??INTVEC 107
           ENTRY                   ADDRESS         REF BY
           =====                   =======         ======
           port0_ISR               00000709 
               interrupt function
               ISTACK = 00000000 ( 00000010 )
    -------------------------------------------------------------------------
NEAR_CODE
  Relative segment, address: CODE 00000752 - 00000756 (0x5 bytes), align: 0
  Segment part 81.            Intra module refs:   port0_ISR
                                                   port1_ISR
                                                   port2_ISR
           LOCAL                   ADDRESS         
           =====                   =======         
           ?Subroutine9            00000752 
    -------------------------------------------------------------------------
NEAR_CODE
  Relative segment, address: CODE 00000757 - 00000761 (0xb bytes), align: 0
  Segment part 82.            Intra module refs:   port0_ISR
           LOCAL                   ADDRESS         
           =====                   =======         
           ?Subroutine3            00000757 
    -------------------------------------------------------------------------
NEAR_CODE
  Relative segment, address: CODE 00000762 - 000007AC (0x4b bytes), align: 0
  Segment part 83.            Intra module refs:   port1_ISR::??INTVEC 123
           ENTRY                   ADDRESS         REF BY
           =====                   =======         ======
           port1_ISR               00000762 
               interrupt function
               ISTACK = 00000000 ( 00000010 )
    -------------------------------------------------------------------------
NEAR_CODE
  Relative segment, address: CODE 000007AD - 000007B7 (0xb bytes), align: 0
  Segment part 84.            Intra module refs:   port1_ISR
           LOCAL                   ADDRESS         
           =====                   =======         
           ?Subroutine4            000007AD 
    -------------------------------------------------------------------------
NEAR_CODE
  Relative segment, address: CODE 000007B8 - 000007B8 (0x1 bytes), align: 0
  Segment part 85.            Intra module refs:   basicRfInit
           LOCAL                   ADDRESS         
           =====                   =======         
           ?Subroutine0            000007B8 
    -------------------------------------------------------------------------
NEAR_CODE
  Relative segment, address: CODE 000007B9 - 000007BB (0x3 bytes), align: 0
  Segment part 86.            Intra module refs:   ?Subroutine0
                                                   basicRfInit
    -------------------------------------------------------------------------
NEAR_CODE
  Relative segment, address: CODE 000007BC - 000007C4 (0x9 bytes), align: 0
  Segment part 87.            Intra module refs:   Segment part 86
                                                   T1_ISR
                                                   port0_ISR
                                                   port1_ISR
                                                   port2_ISR
                                                   rfIsr
    -------------------------------------------------------------------------
NEAR_CODE
  Relative segment, address: CODE 000007C5 - 00000810 (0x4c bytes), align: 0
  Segment part 88.            Intra module refs:   port2_ISR::??INTVEC 51
           ENTRY                   ADDRESS         REF BY
           =====                   =======         ======
           port2_ISR               000007C5 
               interrupt function
               ISTACK = 00000000 ( 00000010 )
    -------------------------------------------------------------------------
NEAR_CODE
  Relative segment, address: CODE 00000811 - 0000081B (0xb bytes), align: 0
  Segment part 89.            Intra module refs:   port2_ISR
           LOCAL                   ADDRESS         
           =====                   =======         
           ?Subroutine5            00000811 
    -------------------------------------------------------------------------
XDATA_Z
  Relative segment, address: XDATA 000001B8 - 000001B8 (0x1 bytes), align: 0
  Segment part 52.            Intra module refs:   halLedClear
                                                   halLedSet
                                                   halLedToggle
           ENTRY                   ADDRESS         REF BY
           =====                   =======         ======
           led4State               000001B8 
    -------------------------------------------------------------------------
NEAR_CODE
  Relative segment, address: CODE 0000081C - 00000846 (0x2b bytes), align: 0
  Segment part 90.            Intra module refs:   appReceiver
                                                   main
           ENTRY                   ADDRESS         REF BY
           =====                   =======         ======
           halLedSet               0000081C 
               XSTACK = 00000009 ( 00000000 )
               ISTACK = 00000000 ( 00000002 )
    -------------------------------------------------------------------------
NEAR_CODE
  Relative segment, address: CODE 00000847 - 00000870 (0x2a bytes), align: 0
  Segment part 91.            Intra module refs:   appReceiver
                                                   main
           ENTRY                   ADDRESS         REF BY
           =====                   =======         ======
           halLedClear             00000847 
               XSTACK = 00000009 ( 00000000 )
               ISTACK = 00000000 ( 00000002 )
    -------------------------------------------------------------------------
NEAR_CODE
  Relative segment, address: CODE 00000871 - 000008A6 (0x36 bytes), align: 0
  Segment part 92.            Intra module refs:   ?Subroutine2
                                                   halAssertHandler
                                                   main
           ENTRY                   ADDRESS         REF BY
           =====                   =======         ======
           halLedToggle            00000871 
               ISTACK = 00000000 ( 00000002 )
    -------------------------------------------------------------------------
XDATA_Z
  Relative segment, address: XDATA 000001B9 - 000001BE (0x6 bytes), align: 0
  Segment part 53.            Intra module refs:   appReceiver
                                                   main
           LOCAL                   ADDRESS         
           =====                   =======         
           basicRfConfig           000001B9 
    -------------------------------------------------------------------------
XDATA_Z
  Relative segment, address: XDATA 000001BF - 000001C8 (0xa bytes), align: 0
  Segment part 54.            Intra module refs:   appReceiver
           LOCAL                   ADDRESS         
           =====                   =======         
           rxPacket                000001BF 
    -------------------------------------------------------------------------
XDATA_Z
  Relative segment, address: XDATA 000001C9 - 000001C9 (0x1 bytes), align: 0
  Segment part 55.            Intra module refs:   main
           LOCAL                   ADDRESS         
           =====                   =======         
           appState                000001C9 
    -------------------------------------------------------------------------
XDATA_Z
  Relative segment, address: XDATA 000001CA - 000001CA (0x1 bytes), align: 0
  Segment part 56.            Intra module refs:   main
           LOCAL                   ADDRESS         
           =====                   =======         
           appStarted              000001CA 
    -------------------------------------------------------------------------
NEAR_CODE
  Relative segment, address: CODE 000008A7 - 00000938 (0x92 bytes), align: 0
  Segment part 93.            Intra module refs:   main
           LOCAL                   ADDRESS         
           =====                   =======         
           appReceiver             000008A7 
               calls direct
               XSTACK = 00000000 ( 0000000B )
    -------------------------------------------------------------------------
NEAR_CODE
  Relative segment, address: CODE 00000939 - 00000985 (0x4d bytes), align: 0
  Segment part 94.
           ENTRY                   ADDRESS         REF BY
           =====                   =======         ======
           main                    00000939        ?call_main (?cmain)
               calls direct
    -------------------------------------------------------------------------
NEAR_CODE
  Relative segment, address: CODE 00000986 - 00000990 (0xb bytes), align: 0
  Segment part 95.            Intra module refs:   halAssertHandler
                                                   main
           LOCAL                   ADDRESS         
           =====                   =======         
           ?Subroutine2            00000986 
    -------------------------------------------------------------------------
INTVEC
  Common segment, address: CODE 00000000 - 00000035 (0x36 bytes), align: 0
  Segment part 32. ROOT.
           ENTRY                   ADDRESS         REF BY
           =====                   =======         ======
           port2_ISR::??INTVEC 51
                                   00000033 
    -------------------------------------------------------------------------
INTVEC
  Common segment, address: CODE 00000000 - 0000004D (0x4e bytes), align: 0
  Segment part 33. ROOT.
           ENTRY                   ADDRESS         REF BY
           =====                   =======         ======
           T1_ISR::??INTVEC 75     0000004B 
    -------------------------------------------------------------------------
INTVEC
  Common segment, address: CODE 00000000 - 0000006D (0x6e bytes), align: 0
  Segment part 34. ROOT.
           ENTRY                   ADDRESS         REF BY
           =====                   =======         ======
           port0_ISR::??INTVEC 107
                                   0000006B 
    -------------------------------------------------------------------------
INTVEC
  Common segment, address: CODE 00000000 - 0000007D (0x7e bytes), align: 0
  Segment part 35. ROOT.
           ENTRY                   ADDRESS         REF BY
           =====                   =======         ======
           port1_ISR::??INTVEC 123
                                   0000007B 
    -------------------------------------------------------------------------
INTVEC
  Common segment, address: CODE 00000000 - 00000085 (0x86 bytes), align: 0
  Segment part 36. ROOT.
           ENTRY                   ADDRESS         REF BY
           =====                   =======         ======
           rfIsr::??INTVEC 131     00000083 
    -------------------------------------------------------------------------
XDATA_ID
  Relative segment, address: CODE 000000E5 - 000000F0 (0xc bytes), align: 0
  Segment part 43.            Intra module refs:   rxi
    -------------------------------------------------------------------------
XDATA_ID
  Relative segment, address: CODE 000000F1 - 000000F4 (0x4 bytes), align: 0
  Segment part 58.            Intra module refs:   __Constant_0

    *************************************************************************

  FILE NAME : C:\Documents and Settings\Administrator\×ÀÃæ\¹âÅÌ\ÎïÁªÍøÎÞÏß´«¸ÐÍøÂç²¿·Ö\exp\zigbee\µã¶ÔµãÎÞÏßÍ¨ÐÅ\ide\srf05_cc2530\iar\temp\per_test\clock.r51
    *************************************************************************

  FILE NAME : C:\Documents and Settings\Administrator\×ÀÃæ\¹âÅÌ\ÎïÁªÍøÎÞÏß´«¸ÐÍøÂç²¿·Ö\exp\zigbee\µã¶ÔµãÎÞÏßÍ¨ÐÅ\ide\srf05_cc2530\iar\temp\per_test\hal_assert.r51
    *************************************************************************

  FILE NAME : C:\Documents and Settings\Administrator\×ÀÃæ\¹âÅÌ\ÎïÁªÍøÎÞÏß´«¸ÐÍøÂç²¿·Ö\exp\zigbee\µã¶ÔµãÎÞÏßÍ¨ÐÅ\ide\srf05_cc2530\iar\temp\per_test\hal_board.r51
    *************************************************************************

  FILE NAME : C:\Documents and Settings\Administrator\×ÀÃæ\¹âÅÌ\ÎïÁªÍøÎÞÏß´«¸ÐÍøÂç²¿·Ö\exp\zigbee\µã¶ÔµãÎÞÏßÍ¨ÐÅ\ide\srf05_cc2530\iar\temp\per_test\hal_button.r51
    *************************************************************************

  FILE NAME : C:\Documents and Settings\Administrator\×ÀÃæ\¹âÅÌ\ÎïÁªÍøÎÞÏß´«¸ÐÍøÂç²¿·Ö\exp\zigbee\µã¶ÔµãÎÞÏßÍ¨ÐÅ\ide\srf05_cc2530\iar\temp\per_test\hal_digio.r51
    *************************************************************************

  FILE NAME : C:\Documents and Settings\Administrator\×ÀÃæ\¹âÅÌ\ÎïÁªÍøÎÞÏß´«¸ÐÍøÂç²¿·Ö\exp\zigbee\µã¶ÔµãÎÞÏßÍ¨ÐÅ\ide\srf05_cc2530\iar\temp\per_test\hal_int.r51
    *************************************************************************

  FILE NAME : C:\Documents and Settings\Administrator\×ÀÃæ\¹âÅÌ\ÎïÁªÍøÎÞÏß´«¸ÐÍøÂç²¿·Ö\exp\zigbee\µã¶ÔµãÎÞÏßÍ¨ÐÅ\ide\srf05_cc2530\iar\temp\per_test\hal_joystick.r51
    *************************************************************************

  FILE NAME : C:\Documents and Settings\Administrator\×ÀÃæ\¹âÅÌ\ÎïÁªÍøÎÞÏß´«¸ÐÍøÂç²¿·Ö\exp\zigbee\µã¶ÔµãÎÞÏßÍ¨ÐÅ\ide\srf05_cc2530\iar\temp\per_test\hal_lcd_srf05.r51
    *************************************************************************

  FILE NAME : C:\Documents and Settings\Administrator\×ÀÃæ\¹âÅÌ\ÎïÁªÍøÎÞÏß´«¸ÐÍøÂç²¿·Ö\exp\zigbee\µã¶ÔµãÎÞÏßÍ¨ÐÅ\ide\srf05_cc2530\iar\temp\per_test\hal_led.r51
    *************************************************************************

  FILE NAME : C:\Documents and Settings\Administrator\×ÀÃæ\¹âÅÌ\ÎïÁªÍøÎÞÏß´«¸ÐÍøÂç²¿·Ö\exp\zigbee\µã¶ÔµãÎÞÏßÍ¨ÐÅ\ide\srf05_cc2530\iar\temp\per_test\hal_mcu.r51
    *************************************************************************

  FILE NAME : C:\Documents and Settings\Administrator\×ÀÃæ\¹âÅÌ\ÎïÁªÍøÎÞÏß´«¸ÐÍøÂç²¿·Ö\exp\zigbee\µã¶ÔµãÎÞÏßÍ¨ÐÅ\ide\srf05_cc2530\iar\temp\per_test\hal_rf.r51
    *************************************************************************

  FILE NAME : C:\Documents and Settings\Administrator\×ÀÃæ\¹âÅÌ\ÎïÁªÍøÎÞÏß´«¸ÐÍøÂç²¿·Ö\exp\zigbee\µã¶ÔµãÎÞÏßÍ¨ÐÅ\ide\srf05_cc2530\iar\temp\per_test\hal_timer_32k.r51
    *************************************************************************

  FILE NAME : C:\Documents and Settings\Administrator\×ÀÃæ\¹âÅÌ\ÎïÁªÍøÎÞÏß´«¸ÐÍøÂç²¿·Ö\exp\zigbee\µã¶ÔµãÎÞÏßÍ¨ÐÅ\ide\srf05_cc2530\iar\temp\per_test\per_test.r51
    *************************************************************************

  FILE NAME : C:\Documents and Settings\Administrator\×ÀÃæ\¹âÅÌ\ÎïÁªÍøÎÞÏß´«¸ÐÍøÂç²¿·Ö\exp\zigbee\µã¶ÔµãÎÞÏßÍ¨ÐÅ\ide\srf05_cc2530\iar\temp\per_test\per_test_menu.r51
    *************************************************************************

  FILE NAME : C:\Documents and Settings\Administrator\×ÀÃæ\¹âÅÌ\ÎïÁªÍøÎÞÏß´«¸ÐÍøÂç²¿·Ö\exp\zigbee\µã¶ÔµãÎÞÏßÍ¨ÐÅ\ide\srf05_cc2530\iar\temp\per_test\util.r51
    *************************************************************************

  FILE NAME : C:\Documents and Settings\Administrator\×ÀÃæ\¹âÅÌ\ÎïÁªÍøÎÞÏß´«¸ÐÍøÂç²¿·Ö\exp\zigbee\µã¶ÔµãÎÞÏßÍ¨ÐÅ\ide\srf05_cc2530\iar\temp\per_test\util_buffer.r51
    *************************************************************************

  FILE NAME : C:\Documents and Settings\Administrator\×ÀÃæ\¹âÅÌ\ÎïÁªÍøÎÞÏß´«¸ÐÍøÂç²¿·Ö\exp\zigbee\µã¶ÔµãÎÞÏßÍ¨ÐÅ\ide\srf05_cc2530\iar\temp\per_test\util_lcd.r51
    *************************************************************************

  FILE NAME : C:\Program Files\IAR Systems\Embedded Workbench 5.3 Evaluation version\8051\LIB\CLIB\cl-pli-nlxd-1e16x01.r51
  LIBRARY MODULE, NAME : ?cexit

  SEGMENTS IN THE MODULE
  ======================
CSTART
  Relative segment, address: CODE 00000086 - 0000008A (0x5 bytes), align: 0
  Segment part 0.
           ENTRY                   ADDRESS         REF BY
           =====                   =======         ======
           exit                    00000086        ?call_main (?cmain)
           ?C_EXIT                 00000086 
           ?ROM_MONITOR_NOPS       00000086 

    -------------------------------------------------------------------------
  LIBRARY MODULE, NAME : ?cmain

  SEGMENTS IN THE MODULE
  ======================
CSTART
  Relative segment, address: CODE 0000008B, align: 0
  Segment part 0.
           ENTRY                   ADDRESS         REF BY
           =====                   =======         ======
           ?cmain                  0000008B        Segment part 12 (CSTARTUP)
    -------------------------------------------------------------------------
CSTART
  Relative segment, address: CODE 0000008B - 00000093 (0x9 bytes), align: 0
  Segment part 1.
           ENTRY                   ADDRESS         REF BY
           =====                   =======         ======
           __low_level_init_call   0000008B        __low_level_init (?low_level_init)
    -------------------------------------------------------------------------
CSTART
  Relative segment, address: CODE 00000094 - 000000A3 (0x10 bytes), align: 0
  Segment part 11.
           ENTRY                   ADDRESS         REF BY
           =====                   =======         ======
           __INIT_XDATA_Z          00000094        appStarted (basic_rf)
                                                   appState (basic_rf)
                                                   basicRfConfig (basic_rf)
                                                   fptr (basic_rf)
                                                   led4State (basic_rf)
                                                   pConfig (basic_rf)
                                                   pfISR (basic_rf)
                                                   port0_isr_tbl (basic_rf)
                                                   port1_isr_tbl (basic_rf)
                                                   port2_isr_tbl (basic_rf)
                                                   rxMpdu (basic_rf)
                                                   rxPacket (basic_rf)
                                                   txState (basic_rf)
    -------------------------------------------------------------------------
CSTART
  Relative segment, address: CODE 000000A4 - 000000CC (0x29 bytes), align: 0
  Segment part 28.
           ENTRY                   ADDRESS         REF BY
           =====                   =======         ======
           __INIT_XDATA_I          000000A4        __Constant_0 (basic_rf)
                                                   rxi (basic_rf)
    -------------------------------------------------------------------------
CSTART
  Relative segment, address: CODE 000000CD, align: 0
  Segment part 32.            Intra module refs:   __low_level_init_call
    -------------------------------------------------------------------------
CSTART
  Relative segment, address: CODE 000000CD - 000000D2 (0x6 bytes), align: 0
  Segment part 33.            Intra module refs:   ?cmain
           ENTRY                   ADDRESS         REF BY
           =====                   =======         ======
           ?call_main              000000CD 

    -------------------------------------------------------------------------
  LIBRARY MODULE, NAME : CSTARTUP

  SEGMENTS IN THE MODULE
  ======================
REGISTERS
  Relative segment, address: DATA 00000000, align: 0
  Segment part 0.             Intra module refs:   Segment part 6
           ENTRY                   ADDRESS         REF BY
           =====                   =======         ======
           ?REGISTERS              00000000 
    -------------------------------------------------------------------------
ISTACK
  Relative segment, address: IDATA 000000C0, align: 0
  Segment part 1.             Intra module refs:   Segment part 6
           ENTRY                   ADDRESS         REF BY
           =====                   =======         ======
           ?ISTACK_START           000000C0 
    -------------------------------------------------------------------------
XSTACK
  Relative segment, address: XDATA 00000001, align: 0
  Segment part 3.             Intra module refs:   ?RESET_XSP
           ENTRY                   ADDRESS         REF BY
           =====                   =======         ======
           ?XSTACK_START           00000001 
    -------------------------------------------------------------------------
INTVEC
  Common segment, address: CODE 00000000 - 00000002 (0x3 bytes), align: 0
  Segment part 5. ROOT.       Intra module refs:   Segment part 6
    -------------------------------------------------------------------------
CSTART
  Relative segment, address: CODE 000000D3 - 000000D8 (0x6 bytes), align: 0
  Segment part 6. ROOT.       Intra module refs:   Segment part 5
           ENTRY                   ADDRESS         REF BY
           =====                   =======         ======
           __program_start         000000D3        Absolute parts (?ABS_ENTRY_MOD)
           ?RESET_SP               000000D6 
    -------------------------------------------------------------------------
CSTART
  Relative segment, address: CODE 000000D9 - 000000DE (0x6 bytes), align: 0
  Segment part 8.
           ENTRY                   ADDRESS         REF BY
           =====                   =======         ======
           ?RESET_XSP              000000D9        ?XSP (VIRTUAL_REGISTERS)
    -------------------------------------------------------------------------
CSTART
  Relative segment, address: CODE 000000DF - 000000E1 (0x3 bytes), align: 0
  Segment part 12.            Intra module refs:   Absolute parts

    -------------------------------------------------------------------------
  LIBRARY MODULE, NAME : VIRTUAL_REGISTERS

  SEGMENTS IN THE MODULE
  ======================
BREG
  Relative segment, address: BIT 00000020.0 - 00000020.7 (0x8 bits), align: 0
  Segment part 0.
           ENTRY                   ADDRESS         REF BY
           =====                   =======         ======
           ?B0                     00000020.0      Absolute parts (CSTARTUP)
    -------------------------------------------------------------------------
VREG
  Relative segment, address: DATA 00000008, align: 0
  Segment part 1.
           ENTRY                   ADDRESS         REF BY
           =====                   =======         ======
           ?V0                     00000008        ?FUNC_ENTER_XDATA (?FUNC_ENTER_XDATA)
                                                   ?FUNC_LEAVE_XDATA (?FUNC_LEAVE_XDATA)
                                                   ?INTERRUPT_ENTER_XSP (?INTERRUPT_ENTER_XSP)
                                                   ?INTERRUPT_LEAVE_XSP (?INTERRUPT_LEAVE_XSP)
                                                   appReceiver (basic_rf)
                                                   basicRfInit (basic_rf)
                                                   memcpy (?memcpy)
                                                   port0_ISR (basic_rf)
                                                   port1_ISR (basic_rf)
                                                   port2_ISR (basic_rf)
    -------------------------------------------------------------------------
XSP
  Relative segment, address: DATA 00000010 - 00000011 (0x2 bytes), align: 0
  Segment part 3.
           ENTRY                   ADDRESS         REF BY
           =====                   =======         ======
           ?XSP                    00000010        ?ADD_XSTACK_DISP0_8 (?ADD_XSTACK_DISP8)
                                                   ?DEALLOC_XSTACK8 (?DEALLOC_XSTACK8)
                                                   ?FUNC_ENTER_XDATA (?FUNC_ENTER_XDATA)
                                                   ?FUNC_LEAVE_XDATA (?FUNC_LEAVE_XDATA)
                                                   ?INTERRUPT_ENTER_XSP (?INTERRUPT_ENTER_XSP)
                                                   ?INTERRUPT_LEAVE_XSP (?INTERRUPT_LEAVE_XSP)
                                                   ?RESET_XSP (CSTARTUP)
                                                   ?XSTACK_DISP0_8 (?XSTACK_DISP8)

    -------------------------------------------------------------------------
  LIBRARY MODULE, NAME : ?L_MOV_X

  SEGMENTS IN THE MODULE
  ======================
RCODE
  Relative segment, address: CODE 000000F5 - 00000103 (0xf bytes), align: 0
  Segment part 0.
           ENTRY                   ADDRESS         REF BY
           =====                   =======         ======
           ?L_MOV_X                000000F5        basicRfInit (basic_rf)

    -------------------------------------------------------------------------
  LIBRARY MODULE, NAME : ?L_MOV_TO_X

  SEGMENTS IN THE MODULE
  ======================
RCODE
  Relative segment, address: CODE 00000104 - 00000112 (0xf bytes), align: 0
  Segment part 2.
           ENTRY                   ADDRESS         REF BY
           =====                   =======         ======
           ?L_MOV_TO_X             00000104        basicRfInit (basic_rf)

    -------------------------------------------------------------------------
  LIBRARY MODULE, NAME : ?MOVE_LONG8_XDATA_IDATA

  SEGMENTS IN THE MODULE
  ======================
RCODE
  Relative segment, address: CODE 00000113 - 0000011F (0xd bytes), align: 0
  Segment part 0.
           ENTRY                   ADDRESS         REF BY
           =====                   =======         ======
           ?MOVE_LONG8_XDATA_IDATA
                                   00000113        ?PUSH_XSTACK_I (?PUSH_XSTACK_I)

    -------------------------------------------------------------------------
  LIBRARY MODULE, NAME : ?S_SHL

  SEGMENTS IN THE MODULE
  ======================
RCODE
  Relative segment, address: CODE 00000120 - 00000122 (0x3 bytes), align: 0
  Segment part 0.
           ENTRY                   ADDRESS         REF BY
           =====                   =======         ======
           ?S_SHL                  00000120        port0_ISR (basic_rf)
                                                   port1_ISR (basic_rf)
                                                   port2_ISR (basic_rf)
    -------------------------------------------------------------------------
RCODE
  Relative segment, address: CODE 00000123 - 00000125 (0x3 bytes), align: 0
  Segment part 1.             Intra module refs:   Segment part 2
           ENTRY                   ADDRESS         REF BY
           =====                   =======         ======
           ?S_SHL_REW              00000123 
    -------------------------------------------------------------------------
RCODE
  Relative segment, address: CODE 00000126 - 00000132 (0xd bytes), align: 0
  Segment part 2.             Intra module refs:   ?S_SHL
                                                   ?S_SHL_REW

    -------------------------------------------------------------------------
  LIBRARY MODULE, NAME : ?DEALLOC_XSTACK8

  SEGMENTS IN THE MODULE
  ======================
RCODE
  Relative segment, address: CODE 00000133 - 0000014C (0x1a bytes), align: 0
  Segment part 0.
           ENTRY                   ADDRESS         REF BY
           =====                   =======         ======
           ?DEALLOC_XSTACK8        00000133        appReceiver (basic_rf)

    -------------------------------------------------------------------------
  LIBRARY MODULE, NAME : ?ADD_XSTACK_DISP8

  SEGMENTS IN THE MODULE
  ======================
RCODE
  Relative segment, address: CODE 0000014D - 00000167 (0x1b bytes), align: 0
  Segment part 1.
           ENTRY                   ADDRESS         REF BY
           =====                   =======         ======
           ?ADD_XSTACK_DISP0_8     0000014D        ?PUSH_XSTACK_I (?PUSH_XSTACK_I)

    -------------------------------------------------------------------------
  LIBRARY MODULE, NAME : ?XSTACK_DISP8

  SEGMENTS IN THE MODULE
  ======================
RCODE
  Relative segment, address: CODE 00000168 - 00000171 (0xa bytes), align: 0
  Segment part 1.
           ENTRY                   ADDRESS         REF BY
           =====                   =======         ======
           ?XSTACK_DISP0_8         00000168        memcpy (?memcpy)

    -------------------------------------------------------------------------
  LIBRARY MODULE, NAME : ?CALL_IND

  SEGMENTS IN THE MODULE
  ======================
RCODE
  Relative segment, address: CODE 00000172 - 00000173 (0x2 bytes), align: 0
  Segment part 0.
           ENTRY                   ADDRESS         REF BY
           =====                   =======         ======
           ?CALL_IND               00000172        T1_ISR (basic_rf)
                                                   port0_ISR (basic_rf)
                                                   port1_ISR (basic_rf)
                                                   port2_ISR (basic_rf)
                                                   rfIsr (basic_rf)

    -------------------------------------------------------------------------
  LIBRARY MODULE, NAME : ?FUNC_ENTER_XDATA

  SEGMENTS IN THE MODULE
  ======================
RCODE
  Relative segment, address: CODE 00000174 - 000001D3 (0x60 bytes), align: 0
  Segment part 1.
           ENTRY                   ADDRESS         REF BY
           =====                   =======         ======
           ?FUNC_ENTER_XDATA       00000174        appReceiver (basic_rf)
                                                   basicRfInit (basic_rf)
                                                   halMcuWaitMs (basic_rf)
                                                   memcpy (?memcpy)

    -------------------------------------------------------------------------
  LIBRARY MODULE, NAME : ?FUNC_LEAVE_XDATA

  SEGMENTS IN THE MODULE
  ======================
RCODE
  Relative segment, address: CODE 000001D4 - 0000020B (0x38 bytes), align: 0
  Segment part 1.
           ENTRY                   ADDRESS         REF BY
           =====                   =======         ======
           ?FUNC_LEAVE_XDATA       000001D4        basicRfInit (basic_rf)
                                                   halMcuWaitMs (basic_rf)
                                                   memcpy (?memcpy)

    -------------------------------------------------------------------------
  LIBRARY MODULE, NAME : ?INTERRUPT_ENTER_XSP

  SEGMENTS IN THE MODULE
  ======================
RCODE
  Relative segment, address: CODE 0000020C - 0000026A (0x5f bytes), align: 0
  Segment part 1.
           ENTRY                   ADDRESS         REF BY
           =====                   =======         ======
           ?INTERRUPT_ENTER_XSP    0000020C        T1_ISR (basic_rf)
                                                   port0_ISR (basic_rf)
                                                   port1_ISR (basic_rf)
                                                   port2_ISR (basic_rf)
                                                   rfIsr (basic_rf)

    -------------------------------------------------------------------------
  LIBRARY MODULE, NAME : ?INTERRUPT_LEAVE_XSP

  SEGMENTS IN THE MODULE
  ======================
RCODE
  Relative segment, address: CODE 0000026B - 000002BA (0x50 bytes), align: 0
  Segment part 1.
           ENTRY                   ADDRESS         REF BY
           =====                   =======         ======
           ?INTERRUPT_LEAVE_XSP    0000026B        ?Subroutine8 (basic_rf)
                                                   ?Subroutine9 (basic_rf)

    -------------------------------------------------------------------------
  LIBRARY MODULE, NAME : ?PUSH_XSTACK_I

  SEGMENTS IN THE MODULE
  ======================
RCODE
  Relative segment, address: CODE 000002BB - 000002BE (0x4 bytes), align: 0
  Segment part 2.
           ENTRY                   ADDRESS         REF BY
           =====                   =======         ======
           ?PUSH_XSTACK_I_TWO      000002BB        appReceiver (basic_rf)
    -------------------------------------------------------------------------
RCODE
  Relative segment, address: CODE 000002BF - 000002CB (0xd bytes), align: 0
  Segment part 4.             Intra module refs:   ?PUSH_XSTACK_I_TWO
           ENTRY                   ADDRESS         REF BY
           =====                   =======         ======
           ?PUSH_XSTACK_I          000002BF 

    -------------------------------------------------------------------------
  LIBRARY MODULE, NAME : ?UC_SWITCH_DENSE

  SEGMENTS IN THE MODULE
  ======================
RCODE
  Relative segment, address: CODE 000002CC - 000002D1 (0x6 bytes), align: 0
  Segment part 0.
           ENTRY                   ADDRESS         REF BY
           =====                   =======         ======
           ?UC_SWITCH_DENSE        000002CC        halLedClear (basic_rf)
                                                   halLedSet (basic_rf)
                                                   halLedToggle (basic_rf)
    -------------------------------------------------------------------------
RCODE
  Relative segment, address: CODE 000002D2 - 00000300 (0x2f bytes), align: 0
  Segment part 2.             Intra module refs:   ?UC_SWITCH_DENSE
    -------------------------------------------------------------------------
RCODE
  Relative segment, address: CODE 00000301 - 00000301 (0x1 bytes), align: 0
  Segment part 4.             Intra module refs:   ?UC_SWITCH_DENSE

    -------------------------------------------------------------------------
  LIBRARY MODULE, NAME : ?memcpy

  SEGMENTS IN THE MODULE
  ======================
NEAR_CODE
  Relative segment, address: CODE 00000991 - 000009D8 (0x48 bytes), align: 0
  Segment part 6.
           ENTRY                   ADDRESS         REF BY
           =====                   =======         ======
           memcpy                  00000991        appReceiver (basic_rf)
               XSTACK = 00000002 ( 00000009 )
               ISTACK = 00000000 ( 00000001 )

    -------------------------------------------------------------------------
  LIBRARY MODULE, NAME : ?low_level_init

  SEGMENTS IN THE MODULE
  ======================
CSTART
  Relative segment, address: CODE 000000E2 - 000000E4 (0x3 bytes), align: 0
  Segment part 6. ROOT.
           ENTRY                   ADDRESS         REF BY
           =====                   =======         ======
           __low_level_init        000000E2        __low_level_init_call (?cmain)




                ****************************************
                *                                      *
                *            MODULE SUMMARY            *
                *                                      *
                ****************************************

Module                    CODE      DATA      XDATA  IDATA    BIT
------                    ----      ----      -----  -----    ---
                         (Rel)  (Rel)  (Abs)  (Rel)  (Rel)  (Rel)
?ADD_XSTACK_DISP8           27
?CALL_IND                    2
?DEALLOC_XSTACK8            26
?FUNC_ENTER_XDATA           96
?FUNC_LEAVE_XDATA           56
?INTERRUPT_ENTER_XSP        95
?INTERRUPT_LEAVE_XSP        80
?L_MOV_TO_X                 15
?L_MOV_X                    15
?MOVE_LONG8_XDATA_IDATA     13
?PUSH_XSTACK_I              17
?S_SHL                      19
?UC_SWITCH_DENSE            54
?XSTACK_DISP8               10
?cexit                       5
?cmain                      72
?low_level_init              3
?memcpy                     72
CSTARTUP                    15
  + common                   3
VIRTUAL_REGISTERS                   2                           8
basic_rf                 1 695            31    218
  + common                 134
N/A (command line)                 16           256     64
N/A (alignment)
----------               -----     --     --    ---     --      -
Total:                   2 387     18     31    474     64      8
  + common                 134


                ****************************************
                *                                      *
                *      SEGMENTS IN ADDRESS ORDER       *
                *                                      *
                ****************************************


SEGMENT              SPACE    START ADDRESS   END ADDRESS     SIZE  TYPE  ALIGN
=======              =====    =============   ===========     ====  ====  =====
INTVEC               CODE          00000000 - 00000085          86   com    0
CSTART               CODE          00000086 - 000000E4          5F   rel    0
DATA_ID              CODE               000000E5                     dse    0
BDATA_ID             CODE               000000E5                     dse    0
BIT_ID               CODE               000000E5                     dse    0
IDATA_ID             CODE               000000E5                     dse    0
PDATA_ID             CODE               000000E5                     dse    0
IXDATA_ID            CODE               000000E5                     dse    0
XDATA_ID             CODE          000000E5 - 000000F4          10   rel    0
BANK_RELAYS          CODE               000000F5                     dse    0
RCODE                CODE          000000F5 - 00000301         20D   rel    0
DIFUNCT              CODE               00000302                     dse    0
CODE_C               CODE               00000302                     dse    0
CODE_N               CODE               00000302                     dse    0
NEAR_CODE            CODE          00000302 - 000009D8         6D7   rel    0
REGISTERS            DATA          00000000 - 00000007           8   rel    0
VREG                 DATA          00000008 - 0000000F           8   rel    0
PSP                  DATA               00000010                     dse    0
XSP                  DATA          00000010 - 00000011           2   rel    0
BREG                 BIT        00000020.0  -  00000020.7        8   rel    0
SFR_AN               DATA          00000080 - 00000080           1   rel    0
                     DATA          00000089 - 0000008B           3 
                     DATA          0000008F - 00000090           2 
                     DATA          0000009A - 0000009B           2 
                     DATA          0000009D - 0000009E           2 
                     DATA          000000A8 - 000000A8           1 
                     DATA          000000BE - 000000BE           1 
                     DATA          000000C0 - 000000C0           1 
                     DATA          000000C6 - 000000C6           1 
                     DATA          000000D9 - 000000D9           1 
                     DATA          000000E1 - 000000E1           1 
                     DATA          000000E8 - 000000E9           2 
                     DATA          000000F1 - 000000F1           1 
                     DATA          000000F3 - 000000F5           3 
                     DATA          000000F7 - 000000FF           9 
XSTACK               XDATA         00000001 - 00000100         100   rel    0
XDATA_Z              XDATA         00000101 - 000001CA          CA   rel    0
XDATA_I              XDATA         000001CB - 000001DA          10   rel    0
ISTACK               IDATA         000000C0 - 000000FF          40   rel    0

                ****************************************
                *                                      *
                *        END OF CROSS REFERENCE        *
                *                                      *
                ****************************************

 2 521 bytes of CODE  memory
    18 bytes of DATA  memory (+ 31 absolute )
   474 bytes of XDATA memory
    64 bytes of IDATA memory
     8 bits  of BIT   memory

Errors: none
Warnings: none

